[INFO] Schreibe Konsolen-Output nach: /workspace/ImageConverter/imageCompositeConverter.local.log

--- Verarbeite AC0030.jpg ---
Bildbeschreibung: Kühlelement, graues Rechteck, Minus-Minus-Zeichen oben Mitte, Farbverlauf horizontal dunkel-hell-dunkel, graue Linien in beiden Diagonalen
Befehl erkannt: Fallback-Modus aktiv (Beschreibung wird ohne expliziten Compositing-Befehl verarbeitet)
  -> Fallback aktiv: verwende reine SVG-Platzhalter-Konvertierung (kein eingebettetes Raster).
  -> Plan B Vergleich aktiv: nutze Sample-SVG artifacts/images_to_convert/samples/AC0030.svg (err=184.991, baseline=198.987).

--- Verarbeite AC0030_S.jpg ---
Bildbeschreibung: Kühlelement, graues Rechteck, Minus-Minus-Zeichen oben Mitte, Farbverlauf horizontal dunkel-hell-dunkel, graue Linien in beiden Diagonalen
Befehl erkannt: Fallback-Modus aktiv (Beschreibung wird ohne expliziten Compositing-Befehl verarbeitet)
  -> Fallback aktiv: verwende reine SVG-Platzhalter-Konvertierung (kein eingebettetes Raster).
  -> Plan B Vergleich aktiv: nutze Sample-SVG artifacts/images_to_convert/samples/AC0030_S.svg (err=217.940, baseline=227.067).

--- Verarbeite AC0030_L.jpg ---
Bildbeschreibung: Kühlelement, graues Rechteck, Minus-Minus-Zeichen oben Mitte, Farbverlauf horizontal dunkel-hell-dunkel, graue Linien in beiden Diagonalen
Befehl erkannt: Fallback-Modus aktiv (Beschreibung wird ohne expliziten Compositing-Befehl verarbeitet)
  -> Fallback aktiv: verwende reine SVG-Platzhalter-Konvertierung (kein eingebettetes Raster).
  -> Plan B Vergleich aktiv: nutze Sample-SVG artifacts/images_to_convert/samples/AC0030_L.svg (err=221.859, baseline=228.549).

--- Verarbeite AC0030_M.jpg ---
Bildbeschreibung: Kühlelement, graues Rechteck, Minus-Minus-Zeichen oben Mitte, Farbverlauf horizontal dunkel-hell-dunkel, graue Linien in beiden Diagonalen
Befehl erkannt: Fallback-Modus aktiv (Beschreibung wird ohne expliziten Compositing-Befehl verarbeitet)
  -> Fallback aktiv: verwende reine SVG-Platzhalter-Konvertierung (kein eingebettetes Raster).
  -> Plan B Vergleich aktiv: nutze Sample-SVG artifacts/images_to_convert/samples/AC0030_M.svg (err=218.893, baseline=227.522).

--- Verarbeite AC0030.jpg ---
Bildbeschreibung: Kühlelement, graues Rechteck, Minus-Minus-Zeichen oben Mitte, Farbverlauf horizontal dunkel-hell-dunkel, graue Linien in beiden Diagonalen
Befehl erkannt: Fallback-Modus aktiv (Beschreibung wird ohne expliziten Compositing-Befehl verarbeitet)
  -> Fallback aktiv: verwende reine SVG-Platzhalter-Konvertierung (kein eingebettetes Raster).
  -> Plan B Vergleich aktiv: nutze Sample-SVG artifacts/images_to_convert/samples/AC0030.svg (err=184.991, baseline=198.987).

--- Verarbeite AC0030_M.jpg ---
Bildbeschreibung: Kühlelement, graues Rechteck, Minus-Minus-Zeichen oben Mitte, Farbverlauf horizontal dunkel-hell-dunkel, graue Linien in beiden Diagonalen
Befehl erkannt: Fallback-Modus aktiv (Beschreibung wird ohne expliziten Compositing-Befehl verarbeitet)
  -> Fallback aktiv: verwende reine SVG-Platzhalter-Konvertierung (kein eingebettetes Raster).
  -> Plan B Vergleich aktiv: nutze Sample-SVG artifacts/images_to_convert/samples/AC0030_M.svg (err=218.893, baseline=227.522).

--- Verarbeite AC0030_S.jpg ---
Bildbeschreibung: Kühlelement, graues Rechteck, Minus-Minus-Zeichen oben Mitte, Farbverlauf horizontal dunkel-hell-dunkel, graue Linien in beiden Diagonalen
Befehl erkannt: Fallback-Modus aktiv (Beschreibung wird ohne expliziten Compositing-Befehl verarbeitet)
  -> Fallback aktiv: verwende reine SVG-Platzhalter-Konvertierung (kein eingebettetes Raster).
  -> Plan B Vergleich aktiv: nutze Sample-SVG artifacts/images_to_convert/samples/AC0030_S.svg (err=217.940, baseline=227.067).
[INFO] Übersichts-Kacheln erzeugt: diff=artifacts/converted_images/reports/overview_diff_tiles.png, svg=artifacts/converted_images/reports/overview_svg_tiles.png

Abgeschlossen! Ausgaben unter: artifacts/converted_images
