[INFO] Schreibe Konsolen-Output nach: /workspace/ImageConverter/imageCompositeConverter.local.log

--- Verarbeite AC0841_L.jpg ---
Bildbeschreibung: Grauer Kreis mit grauem Rand und hellgrauem Hintergrund Abweichung: mit Text "rF" (relative Feuchtigkeit) Abweichung: mit Griff (dunkelgraue Linie nach unten). Der Griff liegt auf einer Symmetrieachse des Kreises.
Befehl erkannt: Fallback-Modus aktiv (Beschreibung wird ohne expliziten Compositing-Befehl verarbeitet)
[WARN] AC0841_L.jpg: Kein verwertbares Konvertierungsergebnis, als Fehler protokolliert (conversion_failed).

--- Verarbeite AC0841_M.jpg ---
Bildbeschreibung: Grauer Kreis mit grauem Rand und hellgrauem Hintergrund Abweichung: mit Text "rF" (relative Feuchtigkeit) Abweichung: mit Griff (dunkelgraue Linie nach unten). Der Griff liegt auf einer Symmetrieachse des Kreises.
Befehl erkannt: Fallback-Modus aktiv (Beschreibung wird ohne expliziten Compositing-Befehl verarbeitet)
[WARN] AC0841_M.jpg: Kein verwertbares Konvertierungsergebnis, als Fehler protokolliert (conversion_failed).

--- Verarbeite AC0841_S.jpg ---
Bildbeschreibung: Grauer Kreis mit grauem Rand und hellgrauem Hintergrund Abweichung: mit Text "rF" (relative Feuchtigkeit) Abweichung: mit Griff (dunkelgraue Linie nach unten). Der Griff liegt auf einer Symmetrieachse des Kreises.
Befehl erkannt: Fallback-Modus aktiv (Beschreibung wird ohne expliziten Compositing-Befehl verarbeitet)
[WARN] AC0841_S.jpg: Kein verwertbares Konvertierungsergebnis, als Fehler protokolliert (conversion_failed).

--- Verarbeite AC0842_L.jpg ---
Bildbeschreibung: Grauer Kreis mit grauem Rand und hellgrauem Hintergrund Abweichung: mit Text "rF" (relative Feuchtigkeit) Abweichung: mit Griff (dunkelgraue Linie nach unten) Abweichung: nach rechts gedreht, Text immer noch horizontal. Der Griff liegt auf einer Symmetrieachse des Kreises.
Befehl erkannt: SEMANTIC: waagrechter Strich links vom Kreis, SEMANTIC: Kreis + Buchstabe rF

--- Verarbeite AC0842_M.jpg ---
Bildbeschreibung: Grauer Kreis mit grauem Rand und hellgrauem Hintergrund Abweichung: mit Text "rF" (relative Feuchtigkeit) Abweichung: mit Griff (dunkelgraue Linie nach unten) Abweichung: nach rechts gedreht, Text immer noch horizontal. Der Griff liegt auf einer Symmetrieachse des Kreises.
Befehl erkannt: SEMANTIC: waagrechter Strich links vom Kreis, SEMANTIC: Kreis + Buchstabe rF

--- Verarbeite AC0842_S.jpg ---
Bildbeschreibung: Grauer Kreis mit grauem Rand und hellgrauem Hintergrund Abweichung: mit Text "rF" (relative Feuchtigkeit) Abweichung: mit Griff (dunkelgraue Linie nach unten) Abweichung: nach rechts gedreht, Text immer noch horizontal. Der Griff liegt auf einer Symmetrieachse des Kreises.
Befehl erkannt: SEMANTIC: waagrechter Strich links vom Kreis, SEMANTIC: Kreis + Buchstabe rF

--- Verarbeite AC0843_L.jpg ---
Bildbeschreibung: Wie AC0842, jecoch nach rechts gedreht, Text immer noch horizontal
Befehl erkannt: SEMANTIC: waagrechter Strich links vom Kreis, SEMANTIC: Kreis + Buchstabe rF, REFERENZ: Abgeleitet aus AC0842
[WARN] AC0843_L.jpg: Kein verwertbares Konvertierungsergebnis, als Fehler protokolliert (conversion_failed).

--- Verarbeite AC0843_M.jpg ---
Bildbeschreibung: Wie AC0842, jecoch nach rechts gedreht, Text immer noch horizontal
Befehl erkannt: SEMANTIC: waagrechter Strich links vom Kreis, SEMANTIC: Kreis + Buchstabe rF, REFERENZ: Abgeleitet aus AC0842
[WARN] AC0843_M.jpg: Kein verwertbares Konvertierungsergebnis, als Fehler protokolliert (conversion_failed).

--- Verarbeite AC0843_S.jpg ---
Bildbeschreibung: Wie AC0842, jecoch nach rechts gedreht, Text immer noch horizontal
Befehl erkannt: SEMANTIC: waagrechter Strich links vom Kreis, SEMANTIC: Kreis + Buchstabe rF, REFERENZ: Abgeleitet aus AC0842
[WARN] AC0843_S.jpg: Kein verwertbares Konvertierungsergebnis, als Fehler protokolliert (conversion_failed).

--- Verarbeite AC0844_L.jpg ---
Bildbeschreibung: Grauer Kreis mit grauem Rand und hellgrauem Hintergrund Abweichung: mit Text "rF" (relative Feuchtigkeit) Abweichung: mit Griff (dunkelgraue Linie nach unten) Abweichung: nach links gedreht, Text immer noch horizontal. Der Griff liegt auf einer Symmetrieachse des Kreises.
Befehl erkannt: Fallback-Modus aktiv (Beschreibung wird ohne expliziten Compositing-Befehl verarbeitet)
[WARN] AC0844_L.jpg: Kein verwertbares Konvertierungsergebnis, als Fehler protokolliert (conversion_failed).

--- Verarbeite AC0844_M.jpg ---
Bildbeschreibung: Grauer Kreis mit grauem Rand und hellgrauem Hintergrund Abweichung: mit Text "rF" (relative Feuchtigkeit) Abweichung: mit Griff (dunkelgraue Linie nach unten) Abweichung: nach links gedreht, Text immer noch horizontal. Der Griff liegt auf einer Symmetrieachse des Kreises.
Befehl erkannt: Fallback-Modus aktiv (Beschreibung wird ohne expliziten Compositing-Befehl verarbeitet)
[WARN] AC0844_M.jpg: Kein verwertbares Konvertierungsergebnis, als Fehler protokolliert (conversion_failed).

--- Verarbeite AC0844_S.jpg ---
Bildbeschreibung: Grauer Kreis mit grauem Rand und hellgrauem Hintergrund Abweichung: mit Text "rF" (relative Feuchtigkeit) Abweichung: mit Griff (dunkelgraue Linie nach unten) Abweichung: nach links gedreht, Text immer noch horizontal. Der Griff liegt auf einer Symmetrieachse des Kreises.
Befehl erkannt: Fallback-Modus aktiv (Beschreibung wird ohne expliziten Compositing-Befehl verarbeitet)
[WARN] AC0844_S.jpg: Kein verwertbares Konvertierungsergebnis, als Fehler protokolliert (conversion_failed).

--- Verarbeite AC0845_L.jpg ---
Bildbeschreibung: Grauer Kreis mit dunkler Kontur und hellem Innenverlauf; im Kreis steht "rH". Keine Griff-/Leitungslinie außerhalb des Kreises. Geometrische Beschreibung: konzentrischer Kreisring mit zentrierter horizontaler Textachse. Der Griff liegt auf einer Symmetrieachse des Kreises.
Befehl erkannt: Fallback-Modus aktiv (Beschreibung wird ohne expliziten Compositing-Befehl verarbeitet)

--- Verarbeite AC0845_M.jpg ---
Bildbeschreibung: Grauer Kreis mit dunkler Kontur und hellem Innenverlauf; im Kreis steht "rH". Keine Griff-/Leitungslinie außerhalb des Kreises. Geometrische Beschreibung: konzentrischer Kreisring mit zentrierter horizontaler Textachse. Der Griff liegt auf einer Symmetrieachse des Kreises.
Befehl erkannt: Fallback-Modus aktiv (Beschreibung wird ohne expliziten Compositing-Befehl verarbeitet)

--- Verarbeite AC0845_S.jpg ---
Bildbeschreibung: Grauer Kreis mit dunkler Kontur und hellem Innenverlauf; im Kreis steht "rH". Keine Griff-/Leitungslinie außerhalb des Kreises. Geometrische Beschreibung: konzentrischer Kreisring mit zentrierter horizontaler Textachse. Der Griff liegt auf einer Symmetrieachse des Kreises.
Befehl erkannt: Fallback-Modus aktiv (Beschreibung wird ohne expliziten Compositing-Befehl verarbeitet)

--- Verarbeite AC0846_L.jpg ---
Bildbeschreibung: Wie AC0845, zusätzlich ein dunkler vertikaler Griff/Leitungsstiel mittig unter dem Kreis. Geometrische Beschreibung: Kreisring mit nach unten angesetzter zentrierter Vertikallinie. Der Griff liegt auf einer Symmetrieachse des Kreises.
Befehl erkannt: REFERENZ: Abgeleitet aus AC0845

--- Verarbeite AC0846_M.jpg ---
Bildbeschreibung: Wie AC0845, zusätzlich ein dunkler vertikaler Griff/Leitungsstiel mittig unter dem Kreis. Geometrische Beschreibung: Kreisring mit nach unten angesetzter zentrierter Vertikallinie. Der Griff liegt auf einer Symmetrieachse des Kreises.
Befehl erkannt: REFERENZ: Abgeleitet aus AC0845

--- Verarbeite AC0846_S.jpg ---
Bildbeschreibung: Wie AC0845, zusätzlich ein dunkler vertikaler Griff/Leitungsstiel mittig unter dem Kreis. Geometrische Beschreibung: Kreisring mit nach unten angesetzter zentrierter Vertikallinie. Der Griff liegt auf einer Symmetrieachse des Kreises.
Befehl erkannt: REFERENZ: Abgeleitet aus AC0845

--- Verarbeite AC0847_L.jpg ---
Bildbeschreibung: Wie AC0846, um 90° nach rechts rotiert; die Zeichenkette "rH" bleibt horizontal lesbar. Geometrische Beschreibung: Kreisring links, daran eine mittige horizontale Leitung nach rechts.
Befehl erkannt: REFERENZ: Abgeleitet aus AC0845, REFERENZ: Abgeleitet aus AC0846

--- Verarbeite AC0847_M.jpg ---
Bildbeschreibung: Wie AC0846, um 90° nach rechts rotiert; die Zeichenkette "rH" bleibt horizontal lesbar. Geometrische Beschreibung: Kreisring links, daran eine mittige horizontale Leitung nach rechts.
Befehl erkannt: REFERENZ: Abgeleitet aus AC0845, REFERENZ: Abgeleitet aus AC0846

--- Verarbeite AC0847_S.jpg ---
Bildbeschreibung: Wie AC0846, um 90° nach rechts rotiert; die Zeichenkette "rH" bleibt horizontal lesbar. Geometrische Beschreibung: Kreisring links, daran eine mittige horizontale Leitung nach rechts.
Befehl erkannt: REFERENZ: Abgeleitet aus AC0845, REFERENZ: Abgeleitet aus AC0846

--- Verarbeite AC0848_L.jpg ---
Bildbeschreibung: Wie AC0846, um 90° nach links rotiert; die Zeichenkette "rH" bleibt horizontal lesbar. Geometrische Beschreibung: Kreisring unten/links versetzt mit vertikalem Leitungsarm nach oben.
Befehl erkannt: REFERENZ: Abgeleitet aus AC0845, REFERENZ: Abgeleitet aus AC0846

--- Verarbeite AC0848_M.jpg ---
Bildbeschreibung: Wie AC0846, um 90° nach links rotiert; die Zeichenkette "rH" bleibt horizontal lesbar. Geometrische Beschreibung: Kreisring unten/links versetzt mit vertikalem Leitungsarm nach oben.
Befehl erkannt: REFERENZ: Abgeleitet aus AC0845, REFERENZ: Abgeleitet aus AC0846

--- Verarbeite AC0848_S.jpg ---
Bildbeschreibung: Wie AC0846, um 90° nach links rotiert; die Zeichenkette "rH" bleibt horizontal lesbar. Geometrische Beschreibung: Kreisring unten/links versetzt mit vertikalem Leitungsarm nach oben.
Befehl erkannt: REFERENZ: Abgeleitet aus AC0845, REFERENZ: Abgeleitet aus AC0846

--- Verarbeite AC0849_L.jpg ---
Bildbeschreibung: Wie AC0847 (rechtsorientierte Variante) mit horizontal lesbarer Zeichenkette "rH". Geometrische Beschreibung: Kreisring links mit gerader horizontaler Leitung nach rechts.
Befehl erkannt: REFERENZ: Abgeleitet aus AC0845, REFERENZ: Abgeleitet aus AC0846, REFERENZ: Abgeleitet aus AC0847

--- Verarbeite AC0849_M.jpg ---
Bildbeschreibung: Wie AC0847 (rechtsorientierte Variante) mit horizontal lesbarer Zeichenkette "rH". Geometrische Beschreibung: Kreisring links mit gerader horizontaler Leitung nach rechts.
Befehl erkannt: REFERENZ: Abgeleitet aus AC0845, REFERENZ: Abgeleitet aus AC0846, REFERENZ: Abgeleitet aus AC0847

--- Verarbeite AC0849_S.jpg ---
Bildbeschreibung: Wie AC0847 (rechtsorientierte Variante) mit horizontal lesbarer Zeichenkette "rH". Geometrische Beschreibung: Kreisring links mit gerader horizontaler Leitung nach rechts.
Befehl erkannt: REFERENZ: Abgeleitet aus AC0845, REFERENZ: Abgeleitet aus AC0846, REFERENZ: Abgeleitet aus AC0847

--- Verarbeite AC0850_L.jpg ---
Bildbeschreibung: Grauer Kreis mit grauem Rand und hellgrauem Hintergrund Abweichung: mit Text "rF" (relative Feuchtigkeit)
Befehl erkannt: Fallback-Modus aktiv (Beschreibung wird ohne expliziten Compositing-Befehl verarbeitet)
[WARN] AC0850_L.jpg: Kein verwertbares Konvertierungsergebnis, als Fehler protokolliert (conversion_failed).

--- Verarbeite AC0850_M.jpg ---
Bildbeschreibung: Grauer Kreis mit grauem Rand und hellgrauem Hintergrund Abweichung: mit Text "rF" (relative Feuchtigkeit)
Befehl erkannt: Fallback-Modus aktiv (Beschreibung wird ohne expliziten Compositing-Befehl verarbeitet)
[WARN] AC0850_M.jpg: Kein verwertbares Konvertierungsergebnis, als Fehler protokolliert (conversion_failed).

--- Verarbeite AC0850_S.jpg ---
Bildbeschreibung: Grauer Kreis mit grauem Rand und hellgrauem Hintergrund Abweichung: mit Text "rF" (relative Feuchtigkeit)
Befehl erkannt: Fallback-Modus aktiv (Beschreibung wird ohne expliziten Compositing-Befehl verarbeitet)
[WARN] AC0850_S.jpg: Kein verwertbares Konvertierungsergebnis, als Fehler protokolliert (conversion_failed).

Abgeschlossen! Ausgaben unter: artifacts/converted_images
