tests/test_image_composite_converter.py::test_semantic_validation_accepts_circle_supported_by_local_mask
tests/test_image_composite_converter.py::test_detect_semantic_primitives_detects_vertical_connector_without_arm
tests/test_image_composite_converter.py::test_semantic_validation_accepts_text_supported_by_local_mask
tests/test_image_composite_converter.py::test_semantic_validation_ignores_structural_false_positives_for_plain_circle_badge
tests/test_image_composite_converter.py::test_make_badge_params_reanchors_ac0811_l_stem_after_template_center_lock
tests/test_image_composite_converter.py::test_run_iteration_pipeline_converts_non_composite_as_embedded_svg
tests/test_image_composite_converter.py::test_validate_semantic_description_alignment_rejects_non_semantic_cross_shape
tests/test_image_composite_converter.py::test_validate_semantic_description_alignment_accepts_ac0813_vertical_connector
tests/test_image_composite_converter.py::test_convert_range_writes_svgs_and_diffs_to_dedicated_subfolders
tests/test_image_composite_converter.py::test_circle_error_uses_stable_source_mask_for_radius_candidates
tests/test_image_composite_converter.py::test_make_badge_params_keeps_ac0223_m_circle_in_lower_half
tests/test_image_composite_converter.py::test_validate_semantic_alignment_accepts_vertical_circle_when_raw_hough_misses
tests/test_image_composite_converter.py::test_validate_semantic_alignment_accepts_ac0838_large_top_connector_voc_variant
tests/test_image_composite_converter.py::test_make_badge_params_keeps_ac0838_m_circle_near_full_width_for_voc_layout
tests/test_image_composite_converter.py::test_validate_semantic_alignment_accepts_merged_co2_blob_for_ac0831_artifact
tests/test_image_composite_converter.py::test_convert_range_uses_existing_conversion_rows_as_template_donors
tests/test_image_composite_converter.py::test_validate_badge_by_elements_activates_ac08_adaptive_unlocks_on_stagnation
tests/test_image_composite_converter.py::test_parse_description_manual_review_clears_default_label_for_unclassified_sia_symbol
tests/test_satisfactory_regression_battery.py::test_satisfactory_baseline_reconversion_smoke
tests/test_satisfactory_regression_battery.py::test_satisfactory_successful_variants_reconversion_keeps_or_improves_quality

=============================== warnings summary ===============================
<frozen importlib._bootstrap>:241
<frozen importlib._bootstrap>:241
  <frozen importlib._bootstrap>:241: DeprecationWarning: builtin type SwigPyPacked has no __module__ attribute

<frozen importlib._bootstrap>:241
<frozen importlib._bootstrap>:241
  <frozen importlib._bootstrap>:241: DeprecationWarning: builtin type SwigPyObject has no __module__ attribute

<frozen importlib._bootstrap>:241
  <frozen importlib._bootstrap>:241: DeprecationWarning: builtin type swigvarlink has no __module__ attribute

-- Docs: https://docs.pytest.org/en/stable/how-to/capture-warnings.html
20/867 tests collected (847 deselected) in 1.67s
