[INFO] Schreibe Konsolen-Output nach: C:\Users\marku\myCloud\imageConverter\imageCompositeConverter.local.log

--- Verarbeite AC0814_M.jpg ---
Bildbeschreibung: Wie AC0811: Kelle, ohne Text Kreis oben, Griff nach unten (dunkelgraue Liine). Geometrische Variante: 90° nach rechts gedreht. Der Griff liegt auf einer Symmetrieachse des Kreises.
Befehl erkannt: SEMANTIC: Kreis ohne Buchstabe, SEMANTIC: waagrechter Strich rechts vom Kreis

--- Verarbeite AC0812_M.jpg ---
Bildbeschreibung: Wie AC0811: Kelle, ohne Text Kreis oben, Griff nach unten (dunkelgraue Liine). Geometrische Variante: 90° nach links gedreht. Der Griff liegt auf einer Symmetrieachse des Kreises.
Befehl erkannt: SEMANTIC: Kreis ohne Buchstabe, SEMANTIC: waagrechter Strich links vom Kreis

--- Verarbeite AC0812_L.jpg ---
Bildbeschreibung: Wie AC0811: Kelle, ohne Text Kreis oben, Griff nach unten (dunkelgraue Liine). Geometrische Variante: 90° nach links gedreht. Der Griff liegt auf einer Symmetrieachse des Kreises.
Befehl erkannt: SEMANTIC: Kreis ohne Buchstabe, SEMANTIC: waagrechter Strich links vom Kreis

--- Verarbeite AC0814_S.jpg ---
Bildbeschreibung: Wie AC0811: Kelle, ohne Text Kreis oben, Griff nach unten (dunkelgraue Liine). Geometrische Variante: 90° nach rechts gedreht. Der Griff liegt auf einer Symmetrieachse des Kreises.
Befehl erkannt: SEMANTIC: Kreis ohne Buchstabe, SEMANTIC: waagrechter Strich rechts vom Kreis

--- Verarbeite AC0812_S.jpg ---
Bildbeschreibung: Wie AC0811: Kelle, ohne Text Kreis oben, Griff nach unten (dunkelgraue Liine). Geometrische Variante: 90° nach links gedreht. Der Griff liegt auf einer Symmetrieachse des Kreises.
Befehl erkannt: SEMANTIC: Kreis ohne Buchstabe, SEMANTIC: waagrechter Strich links vom Kreis

--- Verarbeite AC0814_L.jpg ---
Bildbeschreibung: Wie AC0811: Kelle, ohne Text Kreis oben, Griff nach unten (dunkelgraue Liine). Geometrische Variante: 90° nach rechts gedreht. Der Griff liegt auf einer Symmetrieachse des Kreises.
Befehl erkannt: SEMANTIC: Kreis ohne Buchstabe, SEMANTIC: waagrechter Strich rechts vom Kreis

--- Verarbeite AC0814_L.jpg ---
Bildbeschreibung: Wie AC0811: Kelle, ohne Text Kreis oben, Griff nach unten (dunkelgraue Liine). Geometrische Variante: 90° nach rechts gedreht. Der Griff liegt auf einer Symmetrieachse des Kreises.
Befehl erkannt: SEMANTIC: Kreis ohne Buchstabe, SEMANTIC: waagrechter Strich rechts vom Kreis

--- Verarbeite AC0812_S.jpg ---
Bildbeschreibung: Wie AC0811: Kelle, ohne Text Kreis oben, Griff nach unten (dunkelgraue Liine). Geometrische Variante: 90° nach links gedreht. Der Griff liegt auf einer Symmetrieachse des Kreises.
Befehl erkannt: SEMANTIC: Kreis ohne Buchstabe, SEMANTIC: waagrechter Strich links vom Kreis

--- Verarbeite AC0814_S.jpg ---
Bildbeschreibung: Wie AC0811: Kelle, ohne Text Kreis oben, Griff nach unten (dunkelgraue Liine). Geometrische Variante: 90° nach rechts gedreht. Der Griff liegt auf einer Symmetrieachse des Kreises.
Befehl erkannt: SEMANTIC: Kreis ohne Buchstabe, SEMANTIC: waagrechter Strich rechts vom Kreis

--- Verarbeite AC0814_M.jpg ---
Bildbeschreibung: Wie AC0811: Kelle, ohne Text Kreis oben, Griff nach unten (dunkelgraue Liine). Geometrische Variante: 90° nach rechts gedreht. Der Griff liegt auf einer Symmetrieachse des Kreises.
Befehl erkannt: SEMANTIC: Kreis ohne Buchstabe, SEMANTIC: waagrechter Strich rechts vom Kreis

--- Verarbeite AC0812_M.jpg ---
Bildbeschreibung: Wie AC0811: Kelle, ohne Text Kreis oben, Griff nach unten (dunkelgraue Liine). Geometrische Variante: 90° nach links gedreht. Der Griff liegt auf einer Symmetrieachse des Kreises.
Befehl erkannt: SEMANTIC: Kreis ohne Buchstabe, SEMANTIC: waagrechter Strich links vom Kreis

--- Verarbeite AC0812_L.jpg ---
Bildbeschreibung: Wie AC0811: Kelle, ohne Text Kreis oben, Griff nach unten (dunkelgraue Liine). Geometrische Variante: 90° nach links gedreht. Der Griff liegt auf einer Symmetrieachse des Kreises.
Befehl erkannt: SEMANTIC: Kreis ohne Buchstabe, SEMANTIC: waagrechter Strich links vom Kreis
[INFO] Übersichts-Kacheln erzeugt: diff=artifacts\converted_images\reports\overview_diff_tiles.png, svg=artifacts\converted_images\reports\overview_svg_tiles.png

Abgeschlossen! Ausgaben unter: artifacts/converted_images
