run-meta: run_seed=0 pass_seed_offset=0 nonce_ns=1782405330379950313
status=non_composite_description_geometry_ir
geometry_ir_raster_registration=1
geometry_ir_registration_initial_error=55.744213
geometry_ir_registration_final_error=52.597222
geometry_ir_registration_translate_x=0.020000
geometry_ir_registration_translate_y=-0.020000
geometry_ir_registration_scale_x=0.920000
geometry_ir_registration_scale_y=1.060000
geometry_ir_registration_stroke_scale=1.120000
geometry_ir_element_count=4
geometry_ir_layout_check=ok
geometry_ir_element_1=ColorPatch
geometry_ir_element_2=RectBorder
geometry_ir_element_3=PolygonPath
geometry_ir_element_4=PolygonPath
non_composite_selection=semantic_description_geometry
non_composite_candidate_error_non_composite_perception_seeded_geometry_ir=56.280671
non_composite_candidate_error_non_composite_description_geometry_ir=52.597222
non_composite_candidate_error_non_composite_elementwise_symbol_fit=65.823495
