[INFO] Schreibe Konsolen-Output nach: /workspace/ImageConverter/imageCompositeConverter.local.log

--- Verarbeite AC0831_L.jpg ---
Bildbeschreibung: Wie AC080, jedoch Griff unten (als Kelle ausfeführt)
Befehl erkannt: SEMANTIC: senkrechter Strich hinter dem Kreis, SEMANTIC: Kreis + Buchstabe

--- Verarbeite AC0831_M.jpg ---
Bildbeschreibung: Wie AC080, jedoch Griff unten (als Kelle ausfeführt)
Befehl erkannt: SEMANTIC: senkrechter Strich hinter dem Kreis, SEMANTIC: Kreis + Buchstabe

--- Verarbeite AC0831_S.jpg ---
Bildbeschreibung: Wie AC080, jedoch Griff unten (als Kelle ausfeführt)
Befehl erkannt: SEMANTIC: senkrechter Strich hinter dem Kreis, SEMANTIC: Kreis + Buchstabe

--- Verarbeite AC0831_M.jpg ---
Bildbeschreibung: Wie AC080, jedoch Griff unten (als Kelle ausfeführt)
Befehl erkannt: SEMANTIC: senkrechter Strich hinter dem Kreis, SEMANTIC: Kreis + Buchstabe

--- Verarbeite AC0831_S.jpg ---
Bildbeschreibung: Wie AC080, jedoch Griff unten (als Kelle ausfeführt)
Befehl erkannt: SEMANTIC: senkrechter Strich hinter dem Kreis, SEMANTIC: Kreis + Buchstabe

--- Verarbeite AC0831_L.jpg ---
Bildbeschreibung: Wie AC080, jedoch Griff unten (als Kelle ausfeführt)
Befehl erkannt: SEMANTIC: senkrechter Strich hinter dem Kreis, SEMANTIC: Kreis + Buchstabe
[INFO] Übersichts-Kacheln erzeugt: diff=/workspace/ImageConverter/artifacts/converted_images/reports/overview_diff_tiles.png, svg=/workspace/ImageConverter/artifacts/converted_images/reports/overview_svg_tiles.png

Abgeschlossen! Ausgaben unter: /workspace/ImageConverter/artifacts/converted_images
