[INFO] Schreibe Konsolen-Output nach: /workspace/ImageConverter/imageCompositeConverter.local.log

--- Verarbeite AC0836_S.jpg ---
Bildbeschreibung: Wie AC0835, jedoch mit senkrechtem Griff nach unten (dunkelgraue Linie hinter dem Kreis). Text im Kreis: "VOC".
Befehl erkannt: SEMANTIC: senkrechter Strich hinter dem Kreis, SEMANTIC: Kreis + Buchstabe VOC

--- Verarbeite AC0836_L.jpg ---
Bildbeschreibung: Wie AC0835, jedoch mit senkrechtem Griff nach unten (dunkelgraue Linie hinter dem Kreis). Text im Kreis: "VOC".
Befehl erkannt: SEMANTIC: senkrechter Strich hinter dem Kreis, SEMANTIC: Kreis + Buchstabe VOC

--- Verarbeite AC0836_M.jpg ---
Bildbeschreibung: Wie AC0835, jedoch mit senkrechtem Griff nach unten (dunkelgraue Linie hinter dem Kreis). Text im Kreis: "VOC".
Befehl erkannt: SEMANTIC: senkrechter Strich hinter dem Kreis, SEMANTIC: Kreis + Buchstabe VOC

--- Verarbeite AC0836_M.jpg ---
Bildbeschreibung: Wie AC0835, jedoch mit senkrechtem Griff nach unten (dunkelgraue Linie hinter dem Kreis). Text im Kreis: "VOC".
Befehl erkannt: SEMANTIC: senkrechter Strich hinter dem Kreis, SEMANTIC: Kreis + Buchstabe VOC

--- Verarbeite AC0836_S.jpg ---
Bildbeschreibung: Wie AC0835, jedoch mit senkrechtem Griff nach unten (dunkelgraue Linie hinter dem Kreis). Text im Kreis: "VOC".
Befehl erkannt: SEMANTIC: senkrechter Strich hinter dem Kreis, SEMANTIC: Kreis + Buchstabe VOC

--- Verarbeite AC0836_L.jpg ---
Bildbeschreibung: Wie AC0835, jedoch mit senkrechtem Griff nach unten (dunkelgraue Linie hinter dem Kreis). Text im Kreis: "VOC".
Befehl erkannt: SEMANTIC: senkrechter Strich hinter dem Kreis, SEMANTIC: Kreis + Buchstabe VOC
[INFO] Übersichts-Kacheln erzeugt: diff=/workspace/ImageConverter/artifacts/converted_images/reports/overview_diff_tiles.png, svg=/workspace/ImageConverter/artifacts/converted_images/reports/overview_svg_tiles.png

Abgeschlossen! Ausgaben unter: /workspace/ImageConverter/artifacts/converted_images
