[INFO] Schreibe Konsolen-Output nach: C:\Users\marku\myCloud\imageConverter\imageCompositeConverter.local.log

--- Verarbeite AC0845_L.jpg ---
Bildbeschreibung: Grauer Kreis mit dunkler Kontur und hellem Innenverlauf; im Kreis steht "rH". Keine Griff-/Leitungslinie außerhalb des Kreises. Geometrische Beschreibung: konzentrischer Kreisring mit zentrierter horizontaler Textachse. Der Griff liegt auf einer Symmetrieachse des Kreises.
Befehl erkannt: Fallback-Modus aktiv (Beschreibung wird ohne expliziten Compositing-Befehl verarbeitet)

--- Verarbeite AC0846_S.jpg ---
Bildbeschreibung: Wie AC0845, zusätzlich ein dunkler vertikaler Griff/Leitungsstiel mittig unter dem Kreis. Geometrische Beschreibung: Kreisring mit nach unten angesetzter zentrierter Vertikallinie. Der Griff liegt auf einer Symmetrieachse des Kreises.
Befehl erkannt: REFERENZ: Abgeleitet aus AC0845

--- Verarbeite GE0344.jpg ---
Bildbeschreibung: Hintergrund: GE0999. Wahrscheinlich 3 gleiche Öltropfensymbole. Roter Kreis, oben eine Art blauer Zipfel mit hellblauem Tropen auf Zipfel (unten rechts). Farbverlauf auf rotem Kreisscheibe hell (oben) nach dunkel (unten)
Befehl erkannt: Fallback-Modus aktiv (Beschreibung wird ohne expliziten Compositing-Befehl verarbeitet)
  -> Fallback aktiv: verwende Einzelbild-Konvertierung (embedded raster SVG).
[WARN] GE0344.jpg: Embedded-Raster-SVG erkannt, als fehlgeschlagen markiert.

--- Verarbeite GE9005_4S.jpg ---
Bildbeschreibung: Wie BackBottom: hellgraues Quadrat. . Geometrische Variante: identisch zur Referenz.
Befehl erkannt: Fallback-Modus aktiv (Beschreibung wird ohne expliziten Compositing-Befehl verarbeitet)
  -> Fallback aktiv: verwende Einzelbild-Konvertierung (embedded raster SVG).
[WARN] GE9005_4S.jpg: Embedded-Raster-SVG erkannt, als fehlgeschlagen markiert.

--- Verarbeite AC0890_L.jpg ---
Bildbeschreibung: Grauer Kreis mit grauem Rand und hellgrauem Hintergrund Abweichung: mit Text "T" (Temperatur) Abweichung: links mit einer Form dünne graue vertikale Linie, dann ca. 8 dünne graue diagonale linien (von oben links nach unten rechts, dann ein graues Rechteck, dann die Temperaturmessung. Symbolisiert einen Temperaturfühler, welcher an einer Wand besfestigt ist.
Befehl erkannt: SEMANTIC: Kreis + Buchstabe
[WARN] AC0890_L.jpg: Kein verwertbares Konvertierungsergebnis, als Fehler protokolliert (conversion_failed).

--- Verarbeite GE1203_M.jpg ---
Bildbeschreibung: Ähnlich GE1002, jedoch heller und mit einem zusätzlichen hellgrauen Rand. Abweichung: grüne Farbe innen (grauer Rand ist gleich)
Befehl erkannt: Fallback-Modus aktiv (Beschreibung wird ohne expliziten Compositing-Befehl verarbeitet)
  -> Fallback aktiv: verwende Einzelbild-Konvertierung (embedded raster SVG).
[WARN] GE1203_M.jpg: Embedded-Raster-SVG erkannt, als fehlgeschlagen markiert.

--- Verarbeite GE9011_2S.jpg ---
Bildbeschreibung: Wie BackBottom: hellgraues Quadrat. . Geometrische Variante: identisch zur Referenz.
Befehl erkannt: Fallback-Modus aktiv (Beschreibung wird ohne expliziten Compositing-Befehl verarbeitet)
  -> Fallback aktiv: verwende Einzelbild-Konvertierung (embedded raster SVG).
[WARN] GE9011_2S.jpg: Embedded-Raster-SVG erkannt, als fehlgeschlagen markiert.

--- Verarbeite GE0042_S.jpg ---
Bildbeschreibung: Schematischer Kalender (mit der Zahl 31) Unten: Tabellenform mit weißen Rechtecken, ca 7 horizontal, 4 - 5 vertikal. Hintergrund Farbverflauf: Links dunkelgrau, rechts hellgrau
Befehl erkannt: Fallback-Modus aktiv (Beschreibung wird ohne expliziten Compositing-Befehl verarbeitet)
  -> Fallback aktiv: verwende Einzelbild-Konvertierung (embedded raster SVG).
[WARN] GE0042_S.jpg: Embedded-Raster-SVG erkannt, als fehlgeschlagen markiert.

--- Verarbeite DLG0051.jpg ---
Bildbeschreibung: Wie BackBottom: hellgraues Quadrat. . Geometrische Variante: identisch zur Referenz.
Befehl erkannt: Fallback-Modus aktiv (Beschreibung wird ohne expliziten Compositing-Befehl verarbeitet)
  -> Fallback aktiv: verwende Einzelbild-Konvertierung (embedded raster SVG).
[WARN] DLG0051.jpg: Embedded-Raster-SVG erkannt, als fehlgeschlagen markiert.

--- Verarbeite GE0023_1_L.jpg ---
Bildbeschreibung: Wie GE0021: Dicker Pfeil nach oben vor blaugrauem Hintergrund. Hintergrund GE0999. Geometrische Variante: 180° gedreht.
Befehl erkannt: Fallback-Modus aktiv (Beschreibung wird ohne expliziten Compositing-Befehl verarbeitet)
  -> Fallback aktiv: verwende Einzelbild-Konvertierung (embedded raster SVG).
[WARN] GE0023_1_L.jpg: Embedded-Raster-SVG erkannt, als fehlgeschlagen markiert.

--- Verarbeite AC5030_S.jpg ---
Bildbeschreibung: sehr komplexe Form, wahrscheinlich sehr schwierig zum nachzeichnen. Es zeigt eine heruntergleassene Store ("Jalousie"). Oben ist ein dunkelgraues langes schmales Rechteck. Unten sind dünne hellgraue rechtecke (Lamellen) links und rechts sind zwei vertikale grau Linien (hinter den Lamellen) dargesetllt, die Haltefäden der Lamellen.
Befehl erkannt: Fallback-Modus aktiv (Beschreibung wird ohne expliziten Compositing-Befehl verarbeitet)
  -> Fallback aktiv: verwende Einzelbild-Konvertierung (embedded raster SVG).
[WARN] AC5030_S.jpg: Embedded-Raster-SVG erkannt, als fehlgeschlagen markiert.

--- Verarbeite GE0032_L.jpg ---
Bildbeschreibung: Wie GE0031: Wie GE0030, nach rechts gedreht. Geometrische Variante: 90° nach links gedreht. Der Griff liegt auf einer Symmetrieachse des Kreises.
Befehl erkannt: Fallback-Modus aktiv (Beschreibung wird ohne expliziten Compositing-Befehl verarbeitet)
  -> Fallback aktiv: verwende Einzelbild-Konvertierung (embedded raster SVG).
[WARN] GE0032_L.jpg: Embedded-Raster-SVG erkannt, als fehlgeschlagen markiert.

--- Verarbeite GE0021_S.jpg ---
Bildbeschreibung: Dicker Pfeil nach oben vor blaugrauem Hintergrund. Hintergrund GE0999
Befehl erkannt: Fallback-Modus aktiv (Beschreibung wird ohne expliziten Compositing-Befehl verarbeitet)
  -> Fallback aktiv: verwende Einzelbild-Konvertierung (embedded raster SVG).
[WARN] GE0021_S.jpg: Embedded-Raster-SVG erkannt, als fehlgeschlagen markiert.

--- Verarbeite GE0044_L.jpg ---
Bildbeschreibung: Hintergrund: GE0999. Wie GE0014
Befehl erkannt: Fallback-Modus aktiv (Beschreibung wird ohne expliziten Compositing-Befehl verarbeitet)
  -> Fallback aktiv: verwende Einzelbild-Konvertierung (embedded raster SVG).
[WARN] GE0044_L.jpg: Embedded-Raster-SVG erkannt, als fehlgeschlagen markiert.

--- Verarbeite GE9023_2S.jpg ---
Bildbeschreibung: Wie BackBottom: hellgraues Quadrat. . Geometrische Variante: identisch zur Referenz.
Befehl erkannt: Fallback-Modus aktiv (Beschreibung wird ohne expliziten Compositing-Befehl verarbeitet)
  -> Fallback aktiv: verwende Einzelbild-Konvertierung (embedded raster SVG).
[WARN] GE9023_2S.jpg: Embedded-Raster-SVG erkannt, als fehlgeschlagen markiert.

--- Verarbeite AC0882_S.jpg ---
Bildbeschreibung: Grauer Kreis mit grauem Rand und hellgrauem Hintergrund Abweichung: mit Text "T" (Temperatur) Abweichung: mit Griff (dunkelgraue Linie nach unten) Abweichung: nach rechts gedreht, Text immer noch horizontal. Der Griff liegt auf einer Symmetrieachse des Kreises.
Befehl erkannt: SEMANTIC: waagrechter Strich links vom Kreis, SEMANTIC: Kreis + Buchstabe

--- Verarbeite DLG0061.jpg ---
Bildbeschreibung: Alarmglocke (komplexe Form) mit weißem Klöppel innen oben je zwei dunkelroten gekrümmten Linien. Wie GE1420
Befehl erkannt: Fallback-Modus aktiv (Beschreibung wird ohne expliziten Compositing-Befehl verarbeitet)
  -> Fallback aktiv: verwende Einzelbild-Konvertierung (embedded raster SVG).
[WARN] DLG0061.jpg: Embedded-Raster-SVG erkannt, als fehlgeschlagen markiert.

--- Verarbeite DLG0011.JPG ---
Bildbeschreibung: Hintergrund: Siehe DLG0012. Links: Weisses rechteck vor Hintergrund
Befehl erkannt: Fallback-Modus aktiv (Beschreibung wird ohne expliziten Compositing-Befehl verarbeitet)
  -> Fallback aktiv: verwende Einzelbild-Konvertierung (embedded raster SVG).
[WARN] DLG0011.JPG: Embedded-Raster-SVG erkannt, als fehlgeschlagen markiert.

--- Verarbeite NAV0020.JPG ---
Bildbeschreibung: Wie AC0551: Wie AC0150. Geometrische Variante: identisch zur Referenz.
Befehl erkannt: Fallback-Modus aktiv (Beschreibung wird ohne expliziten Compositing-Befehl verarbeitet)
  -> Fallback aktiv: verwende Einzelbild-Konvertierung (embedded raster SVG).
[WARN] NAV0020.JPG: Embedded-Raster-SVG erkannt, als fehlgeschlagen markiert.

--- Verarbeite GE0353.jpg ---
Bildbeschreibung: Wie GE0352: Wie GE0004. Geometrische Variante: identisch zur Referenz.
Befehl erkannt: Fallback-Modus aktiv (Beschreibung wird ohne expliziten Compositing-Befehl verarbeitet)
  -> Fallback aktiv: verwende Einzelbild-Konvertierung (embedded raster SVG).
[WARN] GE0353.jpg: Embedded-Raster-SVG erkannt, als fehlgeschlagen markiert.

--- Verarbeite NAV0016.JPG ---
Bildbeschreibung: Hintergrund NAV0010. Symbole der Wassertropfen und der Röhre wie bei GE0206
Befehl erkannt: Fallback-Modus aktiv (Beschreibung wird ohne expliziten Compositing-Befehl verarbeitet)
  -> Fallback aktiv: verwende Einzelbild-Konvertierung (embedded raster SVG).
[WARN] NAV0016.JPG: Embedded-Raster-SVG erkannt, als fehlgeschlagen markiert.

--- Verarbeite GE9001_1S.jpg ---
Bildbeschreibung: stillisierte Röhre. Im Prinzip sehr dünnes Rechteck, hochkant, horizontaler Farbverlauf rot/grau/rot
Befehl erkannt: Fallback-Modus aktiv (Beschreibung wird ohne expliziten Compositing-Befehl verarbeitet)
  -> Fallback aktiv: verwende Einzelbild-Konvertierung (embedded raster SVG).
[WARN] GE9001_1S.jpg: Embedded-Raster-SVG erkannt, als fehlgeschlagen markiert.

--- Verarbeite AC0883_S.jpg ---
Bildbeschreibung: Wie AC0881: Wie AC0870, jedoch mit Griff (dunkelgraue Linie nach unten). Geometrische Variante: 180° gedreht. Der Griff liegt auf einer Symmetrieachse des Kreises.
Befehl erkannt: SEMANTIC: senkrechter Strich hinter dem Kreis, SEMANTIC: Kreis + Buchstabe, REFERENZ: Abgeleitet aus AC0881
[WARN] AC0883_S.jpg: Kein verwertbares Konvertierungsergebnis, als Fehler protokolliert (conversion_failed).

--- Verarbeite GE0044_M.jpg ---
Bildbeschreibung: Hintergrund: GE0999. Wie GE0014
Befehl erkannt: Fallback-Modus aktiv (Beschreibung wird ohne expliziten Compositing-Befehl verarbeitet)
  -> Fallback aktiv: verwende Einzelbild-Konvertierung (embedded raster SVG).
[WARN] GE0044_M.jpg: Embedded-Raster-SVG erkannt, als fehlgeschlagen markiert.

--- Verarbeite GE1401_L.jpg ---
Bildbeschreibung: Graues Rechteck hochkant, graue Umrandung, drei graue horizontale Linien, Farbverlauf dunkel-hell-dunkel, Graue Linien Oben-Mitte nach Rechts-Mitte nach Unten-Mitte Abweichung: ist die kräftige graue Ecke/ Winkel unten statt rechts.
Befehl erkannt: Fallback-Modus aktiv (Beschreibung wird ohne expliziten Compositing-Befehl verarbeitet)
  -> Fallback aktiv: verwende Einzelbild-Konvertierung (embedded raster SVG).
[WARN] GE1401_L.jpg: Embedded-Raster-SVG erkannt, als fehlgeschlagen markiert.

--- Verarbeite AC5010_L.jpg ---
Bildbeschreibung: Wassererhitzer (komplexe Zeichnung). Prinzip: Graues Rechteck, aber oben ein wenig rund, unten auch abgerudnet aber weniger. Innen eine weiße umrandung einer unten blaue, oben rotge Fläche, in der der Mitte Farbübergang. Innendrin 3 schematissche Heizspiralen.
Befehl erkannt: Fallback-Modus aktiv (Beschreibung wird ohne expliziten Compositing-Befehl verarbeitet)
  -> Fallback aktiv: verwende Einzelbild-Konvertierung (embedded raster SVG).
[WARN] AC5010_L.jpg: Embedded-Raster-SVG erkannt, als fehlgeschlagen markiert.

--- Verarbeite GE0201_L.jpg ---
Bildbeschreibung: Hintergrund: GE0999. 3 Wellensymbole übereinander. Unten mit einer art Sinuswelle, oben eine Art weißes Band. Farbverlauf des weißen Bndes von hell rechts nach dunkel links. Versinnbildlicht Luftströmung
Befehl erkannt: Fallback-Modus aktiv (Beschreibung wird ohne expliziten Compositing-Befehl verarbeitet)
  -> Fallback aktiv: verwende Einzelbild-Konvertierung (embedded raster SVG).
[WARN] GE0201_L.jpg: Embedded-Raster-SVG erkannt, als fehlgeschlagen markiert.

--- Verarbeite AC0921_M.jpg ---
Bildbeschreibung: Unzugeordnete Wurzelform aus der Serie AC0921. Dokumentiert ist die kleine Variante (S) als Einzelbild ohne finale Familienzuordnung. Geometrie-Hinweis: Grundform und Anbauteile sollten analog zu den bereits detaillierten Kreis-/Kellen-Familien beschrieben werden (zuerst Grundkörper wie Kreis/Ellipse/Rechteck/Polygon, danach Leitungen/Griffe/Dreiecke, anschließend vorhandene Zeichenkette im Symbol). Konverter-Hinweis: Bis zur fachlichen Zuordnung als "manuell prüfen" behandeln; automatische Nachzeichnung ist nur nach expliziter Geometrie- und Textklassifizierung belastbar. Der Griff liegt auf einer Symmetrieachse des Kreises. Unzugeordnete Wurzelform aus der Serie AC0921. Dokumentiert ist die mittlere Variante (M) als Einzelbild ohne finale Familienzuordnung. Geometrie-Hinweis: Grundform und Anbauteile sollten analog zu den bereits detaillierten Kreis-/Kellen-Familien beschrieben werden (zuerst Grundkörper wie Kreis/Ellipse/Rechteck/Polygon, danach Leitungen/Griffe/Dreiecke, anschließend vorhandene Zeichenkette im Symbol). Konverter-Hinweis: Bis zur fachlichen Zuordnung als "manuell prüfen" behandeln; automatische Nachzeichnung ist nur nach expliziter Geometrie- und Textklassifizierung belastbar. Der Griff liegt auf einer Symmetrieachse des Kreises.
Befehl erkannt: AUTO: Trotz unzugeordneter Familienzuordnung wurde wegen ausreichender Geometriehinweise automatisch konvertiert.
  -> Fallback aktiv: verwende Einzelbild-Konvertierung (embedded raster SVG).
[WARN] AC0921_M.jpg: Embedded-Raster-SVG erkannt, als fehlgeschlagen markiert.

--- Verarbeite AC0834_L.jpg ---
Bildbeschreibung: Wie AC080, jedoch Griff unten (als Kelle ausfeführt) Abweichung: nach links gedreht, Text immer noch horizontal. Der Griff liegt auf einer Symmetrieachse des Kreises.
Befehl erkannt: SEMANTIC: waagrechter Strich rechts vom Kreis, SEMANTIC: Kreis + Buchstabe

--- Verarbeite GE1310_S.jpg ---
Bildbeschreibung: Wie AC0811: Kelle, ohne Text Kreis oben, Griff nach unten (dunkelgraue Liine). Geometrische Variante: identisch zur Referenz. Der Griff liegt auf einer Symmetrieachse des Kreises.
Befehl erkannt: SEMANTIC: senkrechter Strich oben vom Kreis
[WARN] GE1310_S.jpg: Kein verwertbares Konvertierungsergebnis, als Fehler protokolliert (conversion_failed).

--- Verarbeite AC0900_S.jpg ---
Bildbeschreibung: Differenzdruckmessung oben kleines graues Rechteck mit "dp" geschrieben, vor halbem Rechteck mit einachen grauen Rand
Befehl erkannt: Fallback-Modus aktiv (Beschreibung wird ohne expliziten Compositing-Befehl verarbeitet)
  -> Fallback aktiv: verwende Einzelbild-Konvertierung (embedded raster SVG).
[WARN] AC0900_S.jpg: Embedded-Raster-SVG erkannt, als fehlgeschlagen markiert.

--- Verarbeite HC0010.JPG ---
Bildbeschreibung: Wie AC5000 (Radiator)
Befehl erkannt: Fallback-Modus aktiv (Beschreibung wird ohne expliziten Compositing-Befehl verarbeitet)
  -> Fallback aktiv: verwende Einzelbild-Konvertierung (embedded raster SVG).
[WARN] HC0010.JPG: Embedded-Raster-SVG erkannt, als fehlgeschlagen markiert.

--- Verarbeite GE9041_3S.jpg ---
Bildbeschreibung: Wie BackBottom: hellgraues Quadrat. . Geometrische Variante: identisch zur Referenz.
Befehl erkannt: Fallback-Modus aktiv (Beschreibung wird ohne expliziten Compositing-Befehl verarbeitet)
  -> Fallback aktiv: verwende Einzelbild-Konvertierung (embedded raster SVG).
[WARN] GE9041_3S.jpg: Embedded-Raster-SVG erkannt, als fehlgeschlagen markiert.

--- Verarbeite SE0051.jpg ---
Bildbeschreibung: Wie BackBottom: hellgraues Quadrat. . Geometrische Variante: identisch zur Referenz.
Befehl erkannt: Fallback-Modus aktiv (Beschreibung wird ohne expliziten Compositing-Befehl verarbeitet)
  -> Fallback aktiv: verwende Einzelbild-Konvertierung (embedded raster SVG).
[WARN] SE0051.jpg: Embedded-Raster-SVG erkannt, als fehlgeschlagen markiert.

--- Verarbeite GE0018.jpg ---
Bildbeschreibung: Plus-Minus-Zeichen vor blaugrauem Plus-Minus-Zeichen Hintergrund mit vertikalem Farbverlauf (oben ein wenig heller). Hintergrund GE0999
Befehl erkannt: Fallback-Modus aktiv (Beschreibung wird ohne expliziten Compositing-Befehl verarbeitet)
  -> Fallback aktiv: verwende Einzelbild-Konvertierung (embedded raster SVG).
[WARN] GE0018.jpg: Embedded-Raster-SVG erkannt, als fehlgeschlagen markiert.

--- Verarbeite AC0839_S.jpg ---
Bildbeschreibung: Wie AC0836, jedoch 90° nach rechts gedreht. Der Griff verläuft waagrecht nach rechts, der Text "VOC" bleibt horizontal lesbar. Der Griff liegt auf einer Symmetrieachse des Kreises.
Befehl erkannt: SEMANTIC: waagrechter Strich rechts vom Kreis, SEMANTIC: Kreis + Buchstabe VOC

--- Verarbeite GE0205_S.jpg ---
Bildbeschreibung: Hintergrund: GE0999. Wahrscheinlich 3 gleiche Öltropfensymbole. Roter Kreis, oben eine Art blauer Zipfel mit hellblauem Tropen auf Zipfel (unten rechts). Farbverlauf auf rotem Kreisscheibe hell (oben) nach dunkel (unten)
Befehl erkannt: Fallback-Modus aktiv (Beschreibung wird ohne expliziten Compositing-Befehl verarbeitet)
  -> Fallback aktiv: verwende Einzelbild-Konvertierung (embedded raster SVG).
[WARN] GE0205_S.jpg: Embedded-Raster-SVG erkannt, als fehlgeschlagen markiert.

--- Verarbeite AC0847_L.jpg ---
Bildbeschreibung: Wie AC0846, um 90° nach rechts rotiert; die Zeichenkette "rH" bleibt horizontal lesbar. Geometrische Beschreibung: Kreisring links, daran eine mittige horizontale Leitung nach rechts.
Befehl erkannt: REFERENZ: Abgeleitet aus AC0845, REFERENZ: Abgeleitet aus AC0846

--- Verarbeite GE0206_L.jpg ---
Bildbeschreibung: Hintergrund: GE0999. Drei Wassertropfen. Form der Wassertropfen wie in GE02025, jedoch blau (Blaue Kreisscheibe, blauer Zipfel), Hellblauer Tropfen auf Zipfel (unten rechts). Oben links stillisierte Röhre von der Seite
Befehl erkannt: Fallback-Modus aktiv (Beschreibung wird ohne expliziten Compositing-Befehl verarbeitet)
  -> Fallback aktiv: verwende Einzelbild-Konvertierung (embedded raster SVG).
[WARN] GE0206_L.jpg: Embedded-Raster-SVG erkannt, als fehlgeschlagen markiert.

--- Verarbeite AC0834_M.jpg ---
Bildbeschreibung: Wie AC080, jedoch Griff unten (als Kelle ausfeführt) Abweichung: nach links gedreht, Text immer noch horizontal. Der Griff liegt auf einer Symmetrieachse des Kreises.
Befehl erkannt: SEMANTIC: waagrechter Strich rechts vom Kreis, SEMANTIC: Kreis + Buchstabe

--- Verarbeite GE1420_S.jpg ---
Bildbeschreibung: Vorlage der Alarmglocke (komplexe Form, oben hellrot, unten Dunkelrot, Klöppel ist weiss. Oben Versinnbildlichung der Schallwellen. Je 3 Stück links une rechts.
Befehl erkannt: Fallback-Modus aktiv (Beschreibung wird ohne expliziten Compositing-Befehl verarbeitet)
  -> Fallback aktiv: verwende Einzelbild-Konvertierung (embedded raster SVG).
[WARN] GE1420_S.jpg: Embedded-Raster-SVG erkannt, als fehlgeschlagen markiert.

--- Verarbeite AC0870_S.jpg ---
Bildbeschreibung: Grauer Kreis mit grauem Rand und hellgrauem Hintergrund Abweichung: mit Text "T" (Temperatur)
Befehl erkannt: SEMANTIC: Kreis + Buchstabe

--- Verarbeite AC0914_L.jpg ---
Bildbeschreibung: Unzugeordnete Wurzelform aus der Serie AC0914. Dokumentiert ist die kleine Variante (S) als Einzelbild ohne finale Familienzuordnung. Geometrie-Hinweis: Grundform und Anbauteile sollten analog zu den bereits detaillierten Kreis-/Kellen-Familien beschrieben werden (zuerst Grundkörper wie Kreis/Ellipse/Rechteck/Polygon, danach Leitungen/Griffe/Dreiecke, anschließend vorhandene Zeichenkette im Symbol). Konverter-Hinweis: Bis zur fachlichen Zuordnung als "manuell prüfen" behandeln; automatische Nachzeichnung ist nur nach expliziter Geometrie- und Textklassifizierung belastbar. Der Griff liegt auf einer Symmetrieachse des Kreises. Unzugeordnete Wurzelform aus der Serie AC0914. Dokumentiert ist die große Variante (L) als Einzelbild ohne finale Familienzuordnung. Geometrie-Hinweis: Grundform und Anbauteile sollten analog zu den bereits detaillierten Kreis-/Kellen-Familien beschrieben werden (zuerst Grundkörper wie Kreis/Ellipse/Rechteck/Polygon, danach Leitungen/Griffe/Dreiecke, anschließend vorhandene Zeichenkette im Symbol). Konverter-Hinweis: Bis zur fachlichen Zuordnung als "manuell prüfen" behandeln; automatische Nachzeichnung ist nur nach expliziter Geometrie- und Textklassifizierung belastbar. Der Griff liegt auf einer Symmetrieachse des Kreises.
Befehl erkannt: AUTO: Trotz unzugeordneter Familienzuordnung wurde wegen ausreichender Geometriehinweise automatisch konvertiert.
  -> Fallback aktiv: verwende Einzelbild-Konvertierung (embedded raster SVG).
[WARN] AC0914_L.jpg: Embedded-Raster-SVG erkannt, als fehlgeschlagen markiert.

--- Verarbeite GE0105_M.jpg ---
Bildbeschreibung: Wie GE0100: leicht abgerundetes Rechteck mit grauem Rand, vertikaler Farbverlauf von weiss (oben) nach grau (unten). . Geometrische Variante: identisch zur Referenz.
Befehl erkannt: Fallback-Modus aktiv (Beschreibung wird ohne expliziten Compositing-Befehl verarbeitet)
  -> Fallback aktiv: verwende Einzelbild-Konvertierung (embedded raster SVG).
[WARN] GE0105_M.jpg: Embedded-Raster-SVG erkannt, als fehlgeschlagen markiert.

--- Verarbeite GE1411_M.jpg ---
Bildbeschreibung: Diagrammlinie (x-/y-Achse schwarz) wie bei GE1410, rote Sinuslinie nach oben verschoben
Befehl erkannt: Fallback-Modus aktiv (Beschreibung wird ohne expliziten Compositing-Befehl verarbeitet)
  -> Fallback aktiv: verwende Einzelbild-Konvertierung (embedded raster SVG).
[WARN] GE1411_M.jpg: Embedded-Raster-SVG erkannt, als fehlgeschlagen markiert.

--- Verarbeite GE0023_1_M.jpg ---
Bildbeschreibung: Wie GE0021: Dicker Pfeil nach oben vor blaugrauem Hintergrund. Hintergrund GE0999. Geometrische Variante: 180° gedreht.
Befehl erkannt: Fallback-Modus aktiv (Beschreibung wird ohne expliziten Compositing-Befehl verarbeitet)
  -> Fallback aktiv: verwende Einzelbild-Konvertierung (embedded raster SVG).
[WARN] GE0023_1_M.jpg: Embedded-Raster-SVG erkannt, als fehlgeschlagen markiert.

--- Verarbeite AR0030_1.jpg ---
Bildbeschreibung: Klappensymbol: Rechteck hochkant, graue Umrandung. Graue Diagonale von unten links nach oben Rechts, in der Mitte ein dunkelgrauer Punkt. Farbverlauf Hintergrund: Dunkelgrau, hellgrau, dunkelgrau
Befehl erkannt: Fallback-Modus aktiv (Beschreibung wird ohne expliziten Compositing-Befehl verarbeitet)
  -> Fallback aktiv: verwende Einzelbild-Konvertierung (embedded raster SVG).
[WARN] AR0030_1.jpg: Embedded-Raster-SVG erkannt, als fehlgeschlagen markiert.

--- Verarbeite SE0063.jpg ---
Bildbeschreibung: Wie AC0811, jecoch ist der Kreis viereckig anstatt rund gezeichnet. Abweichung: anstelle von "T" steht ein "P" Abweichung: nach rechts gekippt. "P" steht waagrecht geschrieben. Abweichung: nach rechts gekippt. "P" steht waagrecht geschrieben.
Befehl erkannt: SEMANTIC: Kreis ohne Buchstabe, SEMANTIC: senkrechter Strich hinter dem Kreis, REFERENZ: Abgeleitet aus AC0811
[WARN] SE0063.jpg: Kein verwertbares Konvertierungsergebnis, als Fehler protokolliert (conversion_failed).

--- Verarbeite AR0041.jpg ---
Bildbeschreibung: 3-Weg Ventil ähnlich AC0211, um 90° im Uhrzeigersinn gedreht, "M" wird immer noch senkrecht geschrieben. Noch ein 3. spitzes Dreieck unten. Wieder Farbwechsel von Dunkelgrau nach hellgrau (von links unten nach rechts oben)
Befehl erkannt: Fallback-Modus aktiv (Beschreibung wird ohne expliziten Compositing-Befehl verarbeitet)
  -> Fallback aktiv: verwende Einzelbild-Konvertierung (embedded raster SVG).
[WARN] AR0041.jpg: Embedded-Raster-SVG erkannt, als fehlgeschlagen markiert.

--- Verarbeite GE0365.jpg ---
Bildbeschreibung: Wie GE0360: Hintergrund: GE0999. Die Symbole von GE0202 (Scharubenschlüssel und Schraubendreher) und GE0349 (Schneeflocken) sind kombiniert. GE0202 ist oben links, GE0349 unten rechts. Der Hintergrund von von GE0349 überdeckt das Sybmol von GE0202. Geometrische Variante: identisch zur Referenz.
Befehl erkannt: Fallback-Modus aktiv (Beschreibung wird ohne expliziten Compositing-Befehl verarbeitet)
  -> Fallback aktiv: verwende Einzelbild-Konvertierung (embedded raster SVG).
[WARN] GE0365.jpg: Embedded-Raster-SVG erkannt, als fehlgeschlagen markiert.

--- Verarbeite GE0004_M.jpg ---
Bildbeschreibung: Fragezeichen-Button. Hintergrund GE0999
Befehl erkannt: Fallback-Modus aktiv (Beschreibung wird ohne expliziten Compositing-Befehl verarbeitet)
  -> Fallback aktiv: verwende Einzelbild-Konvertierung (embedded raster SVG).
[WARN] GE0004_M.jpg: Embedded-Raster-SVG erkannt, als fehlgeschlagen markiert.

--- Verarbeite AC5010_M.jpg ---
Bildbeschreibung: Wassererhitzer (komplexe Zeichnung). Prinzip: Graues Rechteck, aber oben ein wenig rund, unten auch abgerudnet aber weniger. Innen eine weiße umrandung einer unten blaue, oben rotge Fläche, in der der Mitte Farbübergang. Innendrin 3 schematissche Heizspiralen.
Befehl erkannt: Fallback-Modus aktiv (Beschreibung wird ohne expliziten Compositing-Befehl verarbeitet)
  -> Fallback aktiv: verwende Einzelbild-Konvertierung (embedded raster SVG).
[WARN] AC5010_M.jpg: Embedded-Raster-SVG erkannt, als fehlgeschlagen markiert.

--- Verarbeite GE0044_S.jpg ---
Bildbeschreibung: Hintergrund: GE0999. Wie GE0014
Befehl erkannt: Fallback-Modus aktiv (Beschreibung wird ohne expliziten Compositing-Befehl verarbeitet)
  -> Fallback aktiv: verwende Einzelbild-Konvertierung (embedded raster SVG).
[WARN] GE0044_S.jpg: Embedded-Raster-SVG erkannt, als fehlgeschlagen markiert.

--- Verarbeite GE9034_4S.jpg ---
Bildbeschreibung: Wie BackBottom: hellgraues Quadrat. . Geometrische Variante: identisch zur Referenz.
Befehl erkannt: Fallback-Modus aktiv (Beschreibung wird ohne expliziten Compositing-Befehl verarbeitet)
  -> Fallback aktiv: verwende Einzelbild-Konvertierung (embedded raster SVG).
[WARN] GE9034_4S.jpg: Embedded-Raster-SVG erkannt, als fehlgeschlagen markiert.

--- Verarbeite GE0014.jpg ---
Bildbeschreibung: Uhr: Zeigerpositon seht auf 15 Uhr. Dunkelblaue Zahlen 3, 6, 9, 12 Weisse 5-Minuten-Striche bei 5 und 10 Minuten und dann +15, +30, +45 Minuten. Hintergrund wie GE0999 aber nach rechts gedreht
Befehl erkannt: Fallback-Modus aktiv (Beschreibung wird ohne expliziten Compositing-Befehl verarbeitet)
  -> Fallback aktiv: verwende Einzelbild-Konvertierung (embedded raster SVG).
[WARN] GE0014.jpg: Embedded-Raster-SVG erkannt, als fehlgeschlagen markiert.

--- Verarbeite AC0850_M.jpg ---
Bildbeschreibung: Grauer Kreis mit grauem Rand und hellgrauem Hintergrund Abweichung: mit Text "rF" (relative Feuchtigkeit)
Befehl erkannt: Fallback-Modus aktiv (Beschreibung wird ohne expliziten Compositing-Befehl verarbeitet)
[WARN] AC0850_M.jpg: Kein verwertbares Konvertierungsergebnis, als Fehler protokolliert (conversion_failed).

--- Verarbeite AC0910_L.jpg ---
Bildbeschreibung: Unzugeordnete Wurzelform aus der Serie AC0910. Dokumentiert ist die kleine Variante (S) als Einzelbild ohne finale Familienzuordnung. Geometrie-Hinweis: Grundform und Anbauteile sollten analog zu den bereits detaillierten Kreis-/Kellen-Familien beschrieben werden (zuerst Grundkörper wie Kreis/Ellipse/Rechteck/Polygon, danach Leitungen/Griffe/Dreiecke, anschließend vorhandene Zeichenkette im Symbol). Konverter-Hinweis: Bis zur fachlichen Zuordnung als "manuell prüfen" behandeln; automatische Nachzeichnung ist nur nach expliziter Geometrie- und Textklassifizierung belastbar. Der Griff liegt auf einer Symmetrieachse des Kreises. Unzugeordnete Wurzelform aus der Serie AC0910. Dokumentiert ist die große Variante (L) als Einzelbild ohne finale Familienzuordnung. Geometrie-Hinweis: Grundform und Anbauteile sollten analog zu den bereits detaillierten Kreis-/Kellen-Familien beschrieben werden (zuerst Grundkörper wie Kreis/Ellipse/Rechteck/Polygon, danach Leitungen/Griffe/Dreiecke, anschließend vorhandene Zeichenkette im Symbol). Konverter-Hinweis: Bis zur fachlichen Zuordnung als "manuell prüfen" behandeln; automatische Nachzeichnung ist nur nach expliziter Geometrie- und Textklassifizierung belastbar. Der Griff liegt auf einer Symmetrieachse des Kreises.
Befehl erkannt: AUTO: Trotz unzugeordneter Familienzuordnung wurde wegen ausreichender Geometriehinweise automatisch konvertiert.
  -> Fallback aktiv: verwende Einzelbild-Konvertierung (embedded raster SVG).
[WARN] AC0910_L.jpg: Embedded-Raster-SVG erkannt, als fehlgeschlagen markiert.

--- Verarbeite GE0031.jpg ---
Bildbeschreibung: Wie GE0030, nach rechts gedreht
Befehl erkannt: Fallback-Modus aktiv (Beschreibung wird ohne expliziten Compositing-Befehl verarbeitet)
  -> Fallback aktiv: verwende Einzelbild-Konvertierung (embedded raster SVG).
[WARN] GE0031.jpg: Embedded-Raster-SVG erkannt, als fehlgeschlagen markiert.

--- Verarbeite GE0104_S.jpg ---
Bildbeschreibung: Flammensymbol von GE02024 links und Hintergrund GE0100
Befehl erkannt: Fallback-Modus aktiv (Beschreibung wird ohne expliziten Compositing-Befehl verarbeitet)
  -> Fallback aktiv: verwende Einzelbild-Konvertierung (embedded raster SVG).
[WARN] GE0104_S.jpg: Embedded-Raster-SVG erkannt, als fehlgeschlagen markiert.

--- Verarbeite GE9033_7S.jpg ---
Bildbeschreibung: Wie BackBottom: hellgraues Quadrat. . Geometrische Variante: identisch zur Referenz.
Befehl erkannt: Fallback-Modus aktiv (Beschreibung wird ohne expliziten Compositing-Befehl verarbeitet)
  -> Fallback aktiv: verwende Einzelbild-Konvertierung (embedded raster SVG).
[WARN] GE9033_7S.jpg: Embedded-Raster-SVG erkannt, als fehlgeschlagen markiert.

--- Verarbeite GE0032.jpg ---
Bildbeschreibung: Wie GE0031: Wie GE0030, nach rechts gedreht. Geometrische Variante: 90° nach links gedreht. Der Griff liegt auf einer Symmetrieachse des Kreises.
Befehl erkannt: Fallback-Modus aktiv (Beschreibung wird ohne expliziten Compositing-Befehl verarbeitet)
  -> Fallback aktiv: verwende Einzelbild-Konvertierung (embedded raster SVG).
[WARN] GE0032.jpg: Embedded-Raster-SVG erkannt, als fehlgeschlagen markiert.

--- Verarbeite AC0901_S.jpg ---
Bildbeschreibung: Unzugeordnete Wurzelform aus der Serie AC0901. Dokumentiert ist die kleine Variante (S) als Einzelbild ohne finale Familienzuordnung. Geometrie-Hinweis: Grundform und Anbauteile sollten analog zu den bereits detaillierten Kreis-/Kellen-Familien beschrieben werden (zuerst Grundkörper wie Kreis/Ellipse/Rechteck/Polygon, danach Leitungen/Griffe/Dreiecke, anschließend vorhandene Zeichenkette im Symbol). Konverter-Hinweis: Bis zur fachlichen Zuordnung als "manuell prüfen" behandeln; automatische Nachzeichnung ist nur nach expliziter Geometrie- und Textklassifizierung belastbar. Der Griff liegt auf einer Symmetrieachse des Kreises.
Befehl erkannt: AUTO: Trotz unzugeordneter Familienzuordnung wurde wegen ausreichender Geometriehinweise automatisch konvertiert.
  -> Fallback aktiv: verwende Einzelbild-Konvertierung (embedded raster SVG).
[WARN] AC0901_S.jpg: Embedded-Raster-SVG erkannt, als fehlgeschlagen markiert.

--- Verarbeite AC0844_S.jpg ---
Bildbeschreibung: Grauer Kreis mit grauem Rand und hellgrauem Hintergrund Abweichung: mit Text "rF" (relative Feuchtigkeit) Abweichung: mit Griff (dunkelgraue Linie nach unten) Abweichung: nach links gedreht, Text immer noch horizontal. Der Griff liegt auf einer Symmetrieachse des Kreises.
Befehl erkannt: Fallback-Modus aktiv (Beschreibung wird ohne expliziten Compositing-Befehl verarbeitet)
[WARN] AC0844_S.jpg: Kein verwertbares Konvertierungsergebnis, als Fehler protokolliert (conversion_failed).

--- Verarbeite AC5050_S.jpg ---
Bildbeschreibung: Unzugeordnete Wurzelform aus der Serie AC5050. Dokumentiert ist die kleine Variante (S) als Einzelbild ohne finale Familienzuordnung. Geometrie-Hinweis: Grundform und Anbauteile sollten analog zu den bereits detaillierten Kreis-/Kellen-Familien beschrieben werden (zuerst Grundkörper wie Kreis/Ellipse/Rechteck/Polygon, danach Leitungen/Griffe/Dreiecke, anschließend vorhandene Zeichenkette im Symbol). Konverter-Hinweis: Bis zur fachlichen Zuordnung als "manuell prüfen" behandeln; automatische Nachzeichnung ist nur nach expliziter Geometrie- und Textklassifizierung belastbar. Der Griff liegt auf einer Symmetrieachse des Kreises.
Befehl erkannt: AUTO: Trotz unzugeordneter Familienzuordnung wurde wegen ausreichender Geometriehinweise automatisch konvertiert.
  -> Fallback aktiv: verwende Einzelbild-Konvertierung (embedded raster SVG).
[WARN] AC5050_S.jpg: Embedded-Raster-SVG erkannt, als fehlgeschlagen markiert.

--- Verarbeite GE0100_S.jpg ---
Bildbeschreibung: leicht abgerundetes Rechteck mit grauem Rand, vertikaler Farbverlauf von weiss (oben) nach grau (unten).
Befehl erkannt: Fallback-Modus aktiv (Beschreibung wird ohne expliziten Compositing-Befehl verarbeitet)
  -> Fallback aktiv: verwende Einzelbild-Konvertierung (embedded raster SVG).
[WARN] GE0100_S.jpg: Embedded-Raster-SVG erkannt, als fehlgeschlagen markiert.

--- Verarbeite AC0847_S.jpg ---
Bildbeschreibung: Wie AC0846, um 90° nach rechts rotiert; die Zeichenkette "rH" bleibt horizontal lesbar. Geometrische Beschreibung: Kreisring links, daran eine mittige horizontale Leitung nach rechts.
Befehl erkannt: REFERENZ: Abgeleitet aus AC0845, REFERENZ: Abgeleitet aus AC0846

--- Verarbeite GE1000_L.jpg ---
Bildbeschreibung: Grau umrandetes Quadrat. Horizontaler Farbverlauf (links weiss, rechts grau)
Befehl erkannt: Fallback-Modus aktiv (Beschreibung wird ohne expliziten Compositing-Befehl verarbeitet)
  -> Fallback aktiv: verwende Einzelbild-Konvertierung (embedded raster SVG).
[WARN] GE1000_L.jpg: Embedded-Raster-SVG erkannt, als fehlgeschlagen markiert.

--- Verarbeite GE0346.jpg ---
Bildbeschreibung: Hintergrund: GE0999 Vordergrund stillisiertes Haus (Dach ist Dreieck, unten Rechteck. Links Türe (weißes Recheck hochkant, rechts Fenster/ weißes Rechteck breitkant mit blauem Kreuz
Befehl erkannt: Fallback-Modus aktiv (Beschreibung wird ohne expliziten Compositing-Befehl verarbeitet)
  -> Fallback aktiv: verwende Einzelbild-Konvertierung (embedded raster SVG).
[WARN] GE0346.jpg: Embedded-Raster-SVG erkannt, als fehlgeschlagen markiert.

--- Verarbeite GE9002_4S.jpg ---
Bildbeschreibung: Wie GE9001: stillisierte Röhre. Im Prinzip sehr dünnes Rechteck, hochkant, horizontaler Farbverlauf rot/grau/rot. Geometrische Variante: 90° nach rechts gedreht.
Befehl erkannt: Fallback-Modus aktiv (Beschreibung wird ohne expliziten Compositing-Befehl verarbeitet)
  -> Fallback aktiv: verwende Gradient-Stripe-Strategie.

--- Verarbeite GE0041_M.jpg ---
Bildbeschreibung: Wie GE0040 vertikal gespigelt (der Farbverlauf in der Abbildung ist m. E. falsch)
Befehl erkannt: Fallback-Modus aktiv (Beschreibung wird ohne expliziten Compositing-Befehl verarbeitet)
  -> Fallback aktiv: verwende Einzelbild-Konvertierung (embedded raster SVG).
[WARN] GE0041_M.jpg: Embedded-Raster-SVG erkannt, als fehlgeschlagen markiert.

--- Verarbeite SE0113.jpg ---
Bildbeschreibung: Wie AC0842, jecoch nach rechts gedreht, Text immer noch horizontal
Befehl erkannt: SEMANTIC: waagrechter Strich links vom Kreis, SEMANTIC: Kreis + Buchstabe rF, REFERENZ: Abgeleitet aus AC0842
[WARN] SE0113.jpg: Kein verwertbares Konvertierungsergebnis, als Fehler protokolliert (conversion_failed).

--- Verarbeite GE9043_1S.jpg ---
Bildbeschreibung: Wie BackBottom: hellgraues Quadrat. . Geometrische Variante: identisch zur Referenz.
Befehl erkannt: Fallback-Modus aktiv (Beschreibung wird ohne expliziten Compositing-Befehl verarbeitet)
  -> Fallback aktiv: verwende Einzelbild-Konvertierung (embedded raster SVG).
[WARN] GE9043_1S.jpg: Embedded-Raster-SVG erkannt, als fehlgeschlagen markiert.

--- Verarbeite GE9001_7S.jpg ---
Bildbeschreibung: stillisierte Röhre. Im Prinzip sehr dünnes Rechteck, hochkant, horizontaler Farbverlauf rot/grau/rot
Befehl erkannt: Fallback-Modus aktiv (Beschreibung wird ohne expliziten Compositing-Befehl verarbeitet)
  -> Fallback aktiv: verwende Einzelbild-Konvertierung (embedded raster SVG).
[WARN] GE9001_7S.jpg: Embedded-Raster-SVG erkannt, als fehlgeschlagen markiert.

--- Verarbeite AC0884_M.jpg ---
Bildbeschreibung: Wie AC0882: Wie AC0881, jedoch nach rechts gedreht, Text immer noch horizontal. Geometrische Variante: 180° gedreht.
Befehl erkannt: SEMANTIC: waagrechter Strich links vom Kreis, SEMANTIC: Kreis + Buchstabe, REFERENZ: Abgeleitet aus AC0882
[WARN] AC0884_M.jpg: Kein verwertbares Konvertierungsergebnis, als Fehler protokolliert (conversion_failed).

--- Verarbeite GE9041_1S.jpg ---
Bildbeschreibung: Wie BackBottom: hellgraues Quadrat. . Geometrische Variante: identisch zur Referenz.
Befehl erkannt: Fallback-Modus aktiv (Beschreibung wird ohne expliziten Compositing-Befehl verarbeitet)
  -> Fallback aktiv: verwende Einzelbild-Konvertierung (embedded raster SVG).
[WARN] GE9041_1S.jpg: Embedded-Raster-SVG erkannt, als fehlgeschlagen markiert.

--- Verarbeite NAV0010.JPG ---
Bildbeschreibung: Rechteck mit vertikalem Farbverlauf weiss nach grau
Befehl erkannt: Fallback-Modus aktiv (Beschreibung wird ohne expliziten Compositing-Befehl verarbeitet)
  -> Fallback aktiv: verwende Einzelbild-Konvertierung (embedded raster SVG).
[WARN] NAV0010.JPG: Embedded-Raster-SVG erkannt, als fehlgeschlagen markiert.

--- Verarbeite GE9043_5S.jpg ---
Bildbeschreibung: Wie BackBottom: hellgraues Quadrat. . Geometrische Variante: identisch zur Referenz.
Befehl erkannt: Fallback-Modus aktiv (Beschreibung wird ohne expliziten Compositing-Befehl verarbeitet)
  -> Fallback aktiv: verwende Einzelbild-Konvertierung (embedded raster SVG).
[WARN] GE9043_5S.jpg: Embedded-Raster-SVG erkannt, als fehlgeschlagen markiert.

--- Verarbeite GE9034_3S.jpg ---
Bildbeschreibung: Wie BackBottom: hellgraues Quadrat. . Geometrische Variante: identisch zur Referenz.
Befehl erkannt: Fallback-Modus aktiv (Beschreibung wird ohne expliziten Compositing-Befehl verarbeitet)
  -> Fallback aktiv: verwende Einzelbild-Konvertierung (embedded raster SVG).
[WARN] GE9034_3S.jpg: Embedded-Raster-SVG erkannt, als fehlgeschlagen markiert.

--- Verarbeite AC5010_L_PKW.jpg ---
Bildbeschreibung: Wassererhitzer (komplexe Zeichnung). Prinzip: Graues Rechteck, aber oben ein wenig rund, unten auch abgerudnet aber weniger. Innen eine weiße umrandung einer unten blaue, oben rotge Fläche, in der der Mitte Farbübergang. Innendrin 3 schematissche Heizspiralen.
Befehl erkannt: Fallback-Modus aktiv (Beschreibung wird ohne expliziten Compositing-Befehl verarbeitet)
  -> Fallback aktiv: verwende Einzelbild-Konvertierung (embedded raster SVG).
[WARN] AC5010_L_PKW.jpg: Embedded-Raster-SVG erkannt, als fehlgeschlagen markiert.

--- Verarbeite DLG0014.JPG ---
Bildbeschreibung: Wie AC0010: Heizelement, graues Rechteck, Plus-Minus-Zeichen oben links, Farbverlauf horizontal dunkel-hell-dunkel graue Diagonale oben rechts nach unten links. Geometrische Variante: identisch zur Referenz.
Befehl erkannt: Fallback-Modus aktiv (Beschreibung wird ohne expliziten Compositing-Befehl verarbeitet)
  -> Fallback aktiv: verwende Einzelbild-Konvertierung (embedded raster SVG).
[WARN] DLG0014.JPG: Embedded-Raster-SVG erkannt, als fehlgeschlagen markiert.

--- Verarbeite GE1001_L.jpg ---
Bildbeschreibung: Hintergrund GE1000, Vordergrund grüner Haken mit feiner grauer Umrandung
Befehl erkannt: Fallback-Modus aktiv (Beschreibung wird ohne expliziten Compositing-Befehl verarbeitet)
  -> Fallback aktiv: verwende Einzelbild-Konvertierung (embedded raster SVG).
[WARN] GE1001_L.jpg: Embedded-Raster-SVG erkannt, als fehlgeschlagen markiert.

--- Verarbeite AC5000_L.jpg ---
Bildbeschreibung: Radiator (komplexe Zeichnung) ca. 10 ganz dünne Rechtecke, Ecken abgerundet. Zwei dünne dunkelgraue Linien oben und unten hinter den dünnen Rechtecken.
Befehl erkannt: Fallback-Modus aktiv (Beschreibung wird ohne expliziten Compositing-Befehl verarbeitet)
  -> Fallback aktiv: verwende Einzelbild-Konvertierung (embedded raster SVG).
[WARN] AC5000_L.jpg: Embedded-Raster-SVG erkannt, als fehlgeschlagen markiert.

--- Verarbeite AC5000_S.jpg ---
Bildbeschreibung: Radiator (komplexe Zeichnung) ca. 10 ganz dünne Rechtecke, Ecken abgerundet. Zwei dünne dunkelgraue Linien oben und unten hinter den dünnen Rechtecken.
Befehl erkannt: Fallback-Modus aktiv (Beschreibung wird ohne expliziten Compositing-Befehl verarbeitet)
  -> Fallback aktiv: verwende Einzelbild-Konvertierung (embedded raster SVG).
[WARN] AC5000_S.jpg: Embedded-Raster-SVG erkannt, als fehlgeschlagen markiert.

--- Verarbeite GE0033_M.jpg ---
Bildbeschreibung: Wie GE0031: Wie GE0030, nach rechts gedreht. Geometrische Variante: 180° gedreht.
Befehl erkannt: Fallback-Modus aktiv (Beschreibung wird ohne expliziten Compositing-Befehl verarbeitet)
  -> Fallback aktiv: verwende Einzelbild-Konvertierung (embedded raster SVG).
[WARN] GE0033_M.jpg: Embedded-Raster-SVG erkannt, als fehlgeschlagen markiert.

--- Verarbeite AC1001_M.jpg ---
Bildbeschreibung: Grauer Kreis mit grauem Rand und hellgrauem Hintergrund Abweichung: mit Text "M" (Motor) Abweichung: mit Kelle (graue horizontale Linie) nach unten. Der Griff liegt auf einer Symmetrieachse des Kreises.
Befehl erkannt: SEMANTIC: Kreis + Buchstabe
[WARN] AC1001_M.jpg: Kein verwertbares Konvertierungsergebnis, als Fehler protokolliert (non_composite_embedded_svg).

--- Verarbeite AC0845_S.jpg ---
Bildbeschreibung: Grauer Kreis mit dunkler Kontur und hellem Innenverlauf; im Kreis steht "rH". Keine Griff-/Leitungslinie außerhalb des Kreises. Geometrische Beschreibung: konzentrischer Kreisring mit zentrierter horizontaler Textachse. Der Griff liegt auf einer Symmetrieachse des Kreises.
Befehl erkannt: Fallback-Modus aktiv (Beschreibung wird ohne expliziten Compositing-Befehl verarbeitet)

--- Verarbeite GE9024_6S.jpg ---
Bildbeschreibung: Wie BackBottom: hellgraues Quadrat. . Geometrische Variante: identisch zur Referenz.
Befehl erkannt: Fallback-Modus aktiv (Beschreibung wird ohne expliziten Compositing-Befehl verarbeitet)
  -> Fallback aktiv: verwende Einzelbild-Konvertierung (embedded raster SVG).
[WARN] GE9024_6S.jpg: Embedded-Raster-SVG erkannt, als fehlgeschlagen markiert.

--- Verarbeite GE9013_4S.jpg ---
Bildbeschreibung: Wie BackBottom: hellgraues Quadrat. . Geometrische Variante: identisch zur Referenz.
Befehl erkannt: Fallback-Modus aktiv (Beschreibung wird ohne expliziten Compositing-Befehl verarbeitet)
  -> Fallback aktiv: verwende Einzelbild-Konvertierung (embedded raster SVG).
[WARN] GE9013_4S.jpg: Embedded-Raster-SVG erkannt, als fehlgeschlagen markiert.

--- Verarbeite GE9021_4S.jpg ---
Bildbeschreibung: Wie BackBottom: hellgraues Quadrat. . Geometrische Variante: identisch zur Referenz.
Befehl erkannt: Fallback-Modus aktiv (Beschreibung wird ohne expliziten Compositing-Befehl verarbeitet)
  -> Fallback aktiv: verwende Einzelbild-Konvertierung (embedded raster SVG).
[WARN] GE9021_4S.jpg: Embedded-Raster-SVG erkannt, als fehlgeschlagen markiert.

--- Verarbeite GE0001_1_S.jpg ---
Bildbeschreibung: Vorsicht-Zeichen vor blaugrauem Kreis mit Farbverlauf. Hintergrund GE0999
Befehl erkannt: Fallback-Modus aktiv (Beschreibung wird ohne expliziten Compositing-Befehl verarbeitet)
  -> Fallback aktiv: verwende Einzelbild-Konvertierung (embedded raster SVG).
[WARN] GE0001_1_S.jpg: Embedded-Raster-SVG erkannt, als fehlgeschlagen markiert.

--- Verarbeite GE0034_M.jpg ---
Bildbeschreibung: Wie GE0025, aber ohne Hintergrund
Befehl erkannt: Fallback-Modus aktiv (Beschreibung wird ohne expliziten Compositing-Befehl verarbeitet)
  -> Fallback aktiv: verwende Einzelbild-Konvertierung (embedded raster SVG).
[WARN] GE0034_M.jpg: Embedded-Raster-SVG erkannt, als fehlgeschlagen markiert.

--- Verarbeite GE9002_6S.jpg ---
Bildbeschreibung: Wie GE9001: stillisierte Röhre. Im Prinzip sehr dünnes Rechteck, hochkant, horizontaler Farbverlauf rot/grau/rot. Geometrische Variante: 90° nach rechts gedreht.
Befehl erkannt: Fallback-Modus aktiv (Beschreibung wird ohne expliziten Compositing-Befehl verarbeitet)
  -> Fallback aktiv: verwende Gradient-Stripe-Strategie.

--- Verarbeite GE0301_L.jpg ---
Bildbeschreibung: Hintergrund: GE0999 Vordergrund tschechische Flagge
Befehl erkannt: Fallback-Modus aktiv (Beschreibung wird ohne expliziten Compositing-Befehl verarbeitet)
  -> Fallback aktiv: verwende Einzelbild-Konvertierung (embedded raster SVG).
[WARN] GE0301_L.jpg: Embedded-Raster-SVG erkannt, als fehlgeschlagen markiert.

--- Verarbeite GE0347.jpg ---
Bildbeschreibung: Hintergrund: GE0999. Links Packman-Symbol (drei-viertel Kreis mit weißem Punkt oberhalb der Mitte), rechts Sprechblase mit drei Punkten
Befehl erkannt: Fallback-Modus aktiv (Beschreibung wird ohne expliziten Compositing-Befehl verarbeitet)
  -> Fallback aktiv: verwende Einzelbild-Konvertierung (embedded raster SVG).
[WARN] GE0347.jpg: Embedded-Raster-SVG erkannt, als fehlgeschlagen markiert.

--- Verarbeite GE9002_7S.jpg ---
Bildbeschreibung: Wie GE9001: stillisierte Röhre. Im Prinzip sehr dünnes Rechteck, hochkant, horizontaler Farbverlauf rot/grau/rot. Geometrische Variante: 90° nach rechts gedreht.
Befehl erkannt: Fallback-Modus aktiv (Beschreibung wird ohne expliziten Compositing-Befehl verarbeitet)
  -> Fallback aktiv: verwende Gradient-Stripe-Strategie.

--- Verarbeite GE1311_M.jpg ---
Bildbeschreibung: Wie AC0020: zwei vertikale Striche links blau, rechts, rot, unten Dreiecke blau rot, links Spitze nach unten, rechts Spitze nach oben. Geometrische Variante: identisch zur Referenz.
Befehl erkannt: SEMANTIC: zwei vertikale farbige Pfeile (blau runter, rot hoch)
[WARN] GE1311_M.jpg: Batchlauf setzt nach Fehler fort (KeyError: 'img_path')
[INFO] Übersichts-Kacheln erzeugt: diff=artifacts\converted_images\reports\overview_diff_tiles.png, svg=artifacts\converted_images\reports\overview_svg_tiles.png

Abgeschlossen! Ausgaben unter: artifacts/converted_images
