[INFO] Schreibe Konsolen-Output nach: C:\Users\marku\myCloud\imageConverter\imageCompositeConverter.local.log

--- Verarbeite GE9011_5S.jpg ---
Bildbeschreibung: Wie BackBottom: hellgraues Quadrat. . Geometrische Variante: identisch zur Referenz.
Befehl erkannt: Fallback-Modus aktiv (Beschreibung wird ohne expliziten Compositing-Befehl verarbeitet)
  -> Fallback aktiv: verwende Einzelbild-Konvertierung (embedded raster SVG).
[WARN] GE9011_5S.jpg: Embedded-Raster-SVG erkannt, als fehlgeschlagen markiert.

--- Verarbeite AC1004_M.jpg ---
Bildbeschreibung: Wie AC1001: Wie AC1000, jedoch mit Kelle (graue horizontale Linie) nach unten. Geometrische Variante: Hauptdiagonal gespiegelt. Der Griff liegt auf einer Symmetrieachse des Kreises.
Befehl erkannt: SEMANTIC: Kreis + Buchstabe
[WARN] AC1004_M.jpg: Kein verwertbares Konvertierungsergebnis, als Fehler protokolliert (non_composite_embedded_svg).

--- Verarbeite AC1000_M.jpg ---
Bildbeschreibung: Grauer Kreis mit grauem Rand und hellgrauem Hintergrund Abweichung: mit Text "M" (Motor)
Befehl erkannt: SEMANTIC: Kreis + Buchstabe
[WARN] AC1000_M.jpg: Kein verwertbares Konvertierungsergebnis, als Fehler protokolliert (non_composite_embedded_svg).

--- Verarbeite GE0040_L.jpg ---
Bildbeschreibung: Hintergrund: GE0999. Fast-Left-Button (zwei Dreiecke nach links)
Befehl erkannt: Fallback-Modus aktiv (Beschreibung wird ohne expliziten Compositing-Befehl verarbeitet)
  -> Fallback aktiv: verwende Einzelbild-Konvertierung (embedded raster SVG).
[WARN] GE0040_L.jpg: Embedded-Raster-SVG erkannt, als fehlgeschlagen markiert.

--- Verarbeite GE9023_7S.jpg ---
Bildbeschreibung: Wie BackBottom: hellgraues Quadrat. . Geometrische Variante: identisch zur Referenz.
Befehl erkannt: Fallback-Modus aktiv (Beschreibung wird ohne expliziten Compositing-Befehl verarbeitet)
  -> Fallback aktiv: verwende Einzelbild-Konvertierung (embedded raster SVG).
[WARN] GE9023_7S.jpg: Embedded-Raster-SVG erkannt, als fehlgeschlagen markiert.

--- Verarbeite GE0201_S.jpg ---
Bildbeschreibung: Hintergrund: GE0999. 3 Wellensymbole übereinander. Unten mit einer art Sinuswelle, oben eine Art weißes Band. Farbverlauf des weißen Bndes von hell rechts nach dunkel links. Versinnbildlicht Luftströmung
Befehl erkannt: Fallback-Modus aktiv (Beschreibung wird ohne expliziten Compositing-Befehl verarbeitet)
  -> Fallback aktiv: verwende Einzelbild-Konvertierung (embedded raster SVG).
[WARN] GE0201_S.jpg: Embedded-Raster-SVG erkannt, als fehlgeschlagen markiert.

--- Verarbeite GE1101_M.jpg ---
Bildbeschreibung: Wie BackBottom: hellgraues Quadrat. . Geometrische Variante: identisch zur Referenz.
Befehl erkannt: Fallback-Modus aktiv (Beschreibung wird ohne expliziten Compositing-Befehl verarbeitet)
  -> Fallback aktiv: verwende Einzelbild-Konvertierung (embedded raster SVG).
[WARN] GE1101_M.jpg: Embedded-Raster-SVG erkannt, als fehlgeschlagen markiert.

--- Verarbeite GE9014_4S.jpg ---
Bildbeschreibung: Wie BackBottom: hellgraues Quadrat. . Geometrische Variante: identisch zur Referenz.
Befehl erkannt: Fallback-Modus aktiv (Beschreibung wird ohne expliziten Compositing-Befehl verarbeitet)
  -> Fallback aktiv: verwende Einzelbild-Konvertierung (embedded raster SVG).
[WARN] GE9014_4S.jpg: Embedded-Raster-SVG erkannt, als fehlgeschlagen markiert.

--- Verarbeite AC0840_M.jpg ---
Bildbeschreibung: Grauer Kreis mit grauem Rand und hellgrauem Hintergrund Abweichung: mit Text "rF" (relative Feuchtigkeit)
Befehl erkannt: Fallback-Modus aktiv (Beschreibung wird ohne expliziten Compositing-Befehl verarbeitet)
[WARN] AC0840_M.jpg: Kein verwertbares Konvertierungsergebnis, als Fehler protokolliert (conversion_failed).

--- Verarbeite GE0018.jpg ---
Bildbeschreibung: Plus-Minus-Zeichen vor blaugrauem Plus-Minus-Zeichen Hintergrund mit vertikalem Farbverlauf (oben ein wenig heller). Hintergrund GE0999
Befehl erkannt: Fallback-Modus aktiv (Beschreibung wird ohne expliziten Compositing-Befehl verarbeitet)
  -> Fallback aktiv: verwende Einzelbild-Konvertierung (embedded raster SVG).
[WARN] GE0018.jpg: Embedded-Raster-SVG erkannt, als fehlgeschlagen markiert.

--- Verarbeite AC0923_S.jpg ---
Bildbeschreibung: Unzugeordnete Wurzelform aus der Serie AC0923. Dokumentiert ist die kleine Variante (S) als Einzelbild ohne finale Familienzuordnung. Geometrie-Hinweis: Grundform und Anbauteile sollten analog zu den bereits detaillierten Kreis-/Kellen-Familien beschrieben werden (zuerst Grundkörper wie Kreis/Ellipse/Rechteck/Polygon, danach Leitungen/Griffe/Dreiecke, anschließend vorhandene Zeichenkette im Symbol). Konverter-Hinweis: Bis zur fachlichen Zuordnung als "manuell prüfen" behandeln; automatische Nachzeichnung ist nur nach expliziter Geometrie- und Textklassifizierung belastbar. Der Griff liegt auf einer Symmetrieachse des Kreises.
Befehl erkannt: AUTO: Trotz unzugeordneter Familienzuordnung wurde wegen ausreichender Geometriehinweise automatisch konvertiert.
  -> Fallback aktiv: verwende Einzelbild-Konvertierung (embedded raster SVG).
[WARN] AC0923_S.jpg: Embedded-Raster-SVG erkannt, als fehlgeschlagen markiert.

--- Verarbeite AC5000_S_KH.jpg ---
Bildbeschreibung: Radiator (komplexe Zeichnung) ca. 10 ganz dünne Rechtecke, Ecken abgerundet. Zwei dünne dunkelgraue Linien oben und unten hinter den dünnen Rechtecken.
Befehl erkannt: Fallback-Modus aktiv (Beschreibung wird ohne expliziten Compositing-Befehl verarbeitet)
  -> Fallback aktiv: verwende Einzelbild-Konvertierung (embedded raster SVG).
[WARN] AC5000_S_KH.jpg: Embedded-Raster-SVG erkannt, als fehlgeschlagen markiert.

--- Verarbeite SE0041.jpg ---
Bildbeschreibung: Wie AC0811, jecoch ist der Kreis viereckig anstatt rund gezeichnet.
Befehl erkannt: SEMANTIC: Kreis ohne Buchstabe, SEMANTIC: senkrechter Strich hinter dem Kreis, REFERENZ: Abgeleitet aus AC0811
[WARN] SE0041.jpg: Kein verwertbares Konvertierungsergebnis, als Fehler protokolliert (conversion_failed).

--- Verarbeite AC0921_L.jpg ---
Bildbeschreibung: Unzugeordnete Wurzelform aus der Serie AC0921. Dokumentiert ist die kleine Variante (S) als Einzelbild ohne finale Familienzuordnung. Geometrie-Hinweis: Grundform und Anbauteile sollten analog zu den bereits detaillierten Kreis-/Kellen-Familien beschrieben werden (zuerst Grundkörper wie Kreis/Ellipse/Rechteck/Polygon, danach Leitungen/Griffe/Dreiecke, anschließend vorhandene Zeichenkette im Symbol). Konverter-Hinweis: Bis zur fachlichen Zuordnung als "manuell prüfen" behandeln; automatische Nachzeichnung ist nur nach expliziter Geometrie- und Textklassifizierung belastbar. Der Griff liegt auf einer Symmetrieachse des Kreises. Unzugeordnete Wurzelform aus der Serie AC0921. Dokumentiert ist die große Variante (L) als Einzelbild ohne finale Familienzuordnung. Geometrie-Hinweis: Grundform und Anbauteile sollten analog zu den bereits detaillierten Kreis-/Kellen-Familien beschrieben werden (zuerst Grundkörper wie Kreis/Ellipse/Rechteck/Polygon, danach Leitungen/Griffe/Dreiecke, anschließend vorhandene Zeichenkette im Symbol). Konverter-Hinweis: Bis zur fachlichen Zuordnung als "manuell prüfen" behandeln; automatische Nachzeichnung ist nur nach expliziter Geometrie- und Textklassifizierung belastbar. Der Griff liegt auf einer Symmetrieachse des Kreises.
Befehl erkannt: AUTO: Trotz unzugeordneter Familienzuordnung wurde wegen ausreichender Geometriehinweise automatisch konvertiert.
  -> Fallback aktiv: verwende Einzelbild-Konvertierung (embedded raster SVG).
[WARN] AC0921_L.jpg: Embedded-Raster-SVG erkannt, als fehlgeschlagen markiert.

--- Verarbeite AR0082.jpg ---
Bildbeschreibung: Wie AR0081, nach rechts gedreht, Text "M" horizontal
Befehl erkannt: SEMANTIC: Kreis + Buchstabe, REFERENZ: Abgeleitet aus AR0021, REFERENZ: Abgeleitet aus AR0061, REFERENZ: Abgeleitet aus AR0081
[WARN] AR0082.jpg: Kein verwertbares Konvertierungsergebnis, als Fehler protokolliert (conversion_failed).

--- Verarbeite NAV0013.JPG ---
Bildbeschreibung: Wie NAV0010: Rechteck mit vertikalem Farbverlauf weiss nach grau. Geometrische Variante: identisch zur Referenz.
Befehl erkannt: Fallback-Modus aktiv (Beschreibung wird ohne expliziten Compositing-Befehl verarbeitet)
  -> Fallback aktiv: verwende Einzelbild-Konvertierung (embedded raster SVG).
[WARN] NAV0013.JPG: Embedded-Raster-SVG erkannt, als fehlgeschlagen markiert.

--- Verarbeite SE0100.jpg ---
Bildbeschreibung: Wie BackBottom: hellgraues Quadrat. . Geometrische Variante: identisch zur Referenz.
Befehl erkannt: Fallback-Modus aktiv (Beschreibung wird ohne expliziten Compositing-Befehl verarbeitet)
  -> Fallback aktiv: verwende Einzelbild-Konvertierung (embedded raster SVG).
[WARN] SE0100.jpg: Embedded-Raster-SVG erkannt, als fehlgeschlagen markiert.

--- Verarbeite GE9910_L.jpg ---
Bildbeschreibung: Wie AC0020: zwei vertikale Striche links blau, rechts, rot, unten Dreiecke blau rot, links Spitze nach unten, rechts Spitze nach oben. Geometrische Variante: identisch zur Referenz.
Befehl erkannt: SEMANTIC: zwei vertikale farbige Pfeile (blau runter, rot hoch)
[WARN] GE9910_L.jpg: Batchlauf setzt nach Fehler fort (KeyError: 'img_path')
[INFO] Übersichts-Kacheln erzeugt: diff=artifacts\converted_images\reports\overview_diff_tiles.png, svg=artifacts\converted_images\reports\overview_svg_tiles.png

Abgeschlossen! Ausgaben unter: artifacts/converted_images
