
==================================== ERRORS ====================================
________ ERROR collecting tests/test_satisfactory_regression_battery.py ________
/root/.pyenv/versions/3.10.20/lib/python3.10/site-packages/_pytest/python.py:507: in importtestmodule
    mod = import_path(
/root/.pyenv/versions/3.10.20/lib/python3.10/site-packages/_pytest/pathlib.py:587: in import_path
    importlib.import_module(module_name)
/root/.pyenv/versions/3.10.20/lib/python3.10/importlib/__init__.py:126: in import_module
    return _bootstrap._gcd_import(name[level:], package, level)
<frozen importlib._bootstrap>:1050: in _gcd_import
    ???
<frozen importlib._bootstrap>:1027: in _find_and_load
    ???
<frozen importlib._bootstrap>:1006: in _find_and_load_unlocked
    ???
<frozen importlib._bootstrap>:688: in _load_unlocked
    ???
/root/.pyenv/versions/3.10.20/lib/python3.10/site-packages/_pytest/assertion/rewrite.py:197: in exec_module
    exec(co, module.__dict__)
tests/test_satisfactory_regression_battery.py:8: in <module>
    import src.imageCompositeConverter as converter
E     File "/workspace/ImageConverter/src/imageCompositeConverter.py", line 2986
E       raise SystemExit(mai
E                       ^
E   SyntaxError: '(' was never closed
=========================== short test summary info ============================
ERROR tests/test_satisfactory_regression_battery.py
1 error in 0.15s
