AC0800: AC0800_L nicht harmonisiert (Fehler 10.10 > Basis 8.90)
AC0800: AC0800_M nicht harmonisiert (Fehler 20.75 > Basis 2.40)
AC0800: AC0800_S nicht harmonisiert (Fehler 16.83 > Basis 10.21)
AC0812: AC0812_L nicht harmonisiert (Fehler 27.02 > Basis 18.35)
AC0812: AC0812_M nicht harmonisiert (Fehler 31.86 > Basis 19.19)
AC0812: AC0812_S nicht harmonisiert (Fehler 35.88 > Basis 20.92)
AC0814: AC0814_L nicht harmonisiert (Fehler 6.08 > Basis 4.48)
AC0814: AC0814_M nicht harmonisiert (Fehler 8.70 > Basis 8.34)
AC0814: AC0814_S nicht harmonisiert (Fehler 19.11 > Basis 8.01)
AC0820: AC0820_L nicht harmonisiert (Fehler 36.52 > Basis 31.84)
AC0820: AC0820_S nicht harmonisiert (Fehler 33.27 > Basis 27.17)
AC0832: AC0832_L nicht harmonisiert (Fehler 31.94 > Basis 21.31)
AC0832: AC0832_M nicht harmonisiert (Fehler 36.25 > Basis 24.61)
AC0832: AC0832_S nicht harmonisiert (Fehler 38.53 > Basis 15.31)
AC0834: AC0834_L nicht harmonisiert (Fehler 15.57 > Basis 14.11)
AC0834: AC0834_M aus AC0814_L harmonisiert (prototype_group=ac08_rot_mirror_alias, max_delta=0.0000, text_orientation_policy=rotate_with_geometry, Fehler 16.75->13.77, Farben fill/stroke=249/120)
AC0834: AC0834_S nicht harmonisiert (Fehler 28.74 > Basis 16.13)
AC0835: AC0835_L nicht harmonisiert (Fehler 40.03 > Basis 30.45)
AC0835: AC0835_M nicht harmonisiert (Fehler 39.61 > Basis 37.39)
AC0835: AC0835_S nicht harmonisiert (Fehler 37.72 > Basis 30.41)
AC0837: AC0837_L nicht harmonisiert (Fehler 33.55 > Basis 22.92)
AC0837: AC0837_M nicht harmonisiert (Fehler 38.37 > Basis 25.87)
AC0837: AC0837_S nicht harmonisiert (Fehler 40.31 > Basis 24.01)
AC0839: AC0839_L aus AC0814_L harmonisiert (prototype_group=ac08_rot_mirror_alias, max_delta=0.0000, text_orientation_policy=rotate_with_geometry, Fehler 20.41->18.01, Farben fill/stroke=249/120)
AC0839: AC0839_M aus AC0814_L harmonisiert (prototype_group=ac08_rot_mirror_alias, max_delta=0.0000, text_orientation_policy=rotate_with_geometry, Fehler 24.65->15.50, Farben fill/stroke=249/120)
AC0839: AC0839_S nicht harmonisiert (Fehler 29.61 > Basis 23.02)
AC0840: AC0840_L aus AC0800_M harmonisiert (prototype_group=circle+no_text+no_stem+no_arm+text_mode:none, max_delta=0.0000, text_orientation_policy=inherit_variant, Fehler 30.69->30.46, Farben fill/stroke=249/120)
AC0840: AC0840_M nicht harmonisiert (Fehler 42.20 > Basis 38.00)
AC0840: AC0840_S nicht harmonisiert (Fehler 39.76 > Basis 36.18)
AC0841: AC0841_L nicht harmonisiert (Fehler 30.69 > Basis 23.85)
AC0841: AC0841_M nicht harmonisiert (Fehler 35.15 > Basis 31.23)
AC0841: AC0841_S nicht harmonisiert (Fehler 38.20 > Basis 28.73)
AC0842: AC0842_L nicht harmonisiert (Fehler 34.57 > Basis 23.70)
AC0842: AC0842_M nicht harmonisiert (Fehler 39.30 > Basis 21.92)
AC0842: AC0842_S nicht harmonisiert (Fehler 42.18 > Basis 21.03)
AC0844: AC0844_L aus AC0814_L harmonisiert (prototype_group=ac08_rot_mirror_alias, max_delta=0.0000, text_orientation_policy=rotate_with_geometry, Fehler 20.78->19.15, Farben fill/stroke=249/120)
AC0844: AC0844_M aus AC0814_L harmonisiert (prototype_group=ac08_rot_mirror_alias, max_delta=0.0000, text_orientation_policy=rotate_with_geometry, Fehler 24.26->17.49, Farben fill/stroke=249/120)
AC0844: AC0844_S nicht harmonisiert (Fehler 32.54 > Basis 20.22)
AC0850: AC0850_L aus AC0800_M harmonisiert (prototype_group=circle+no_text+no_stem+no_arm+text_mode:none, max_delta=0.0000, text_orientation_policy=inherit_variant, Fehler 37.10->27.51, Farben fill/stroke=249/120)
AC0850: AC0850_M nicht harmonisiert (Fehler 39.15 > Basis 30.82)
AC0850: AC0850_S aus AC0800_M harmonisiert (prototype_group=circle+no_text+no_stem+no_arm+text_mode:none, max_delta=0.0000, text_orientation_policy=inherit_variant, Fehler 39.27->35.96, Farben fill/stroke=249/120)
AC0861: AC0861_L nicht harmonisiert (Fehler 30.28 > Basis 14.10)
AC0861: AC0861_M nicht harmonisiert (Fehler 33.41 > Basis 26.34)
AC0861: AC0861_S nicht harmonisiert (Fehler 36.87 > Basis 18.34)
AC0862: AC0862_L nicht harmonisiert (Fehler 32.53 > Basis 22.05)
AC0862: AC0862_M nicht harmonisiert (Fehler 36.05 > Basis 25.54)
AC0862: AC0862_S nicht harmonisiert (Fehler 38.92 > Basis 18.31)
AC0863: AC0863_L nicht harmonisiert (Fehler 32.08 > Basis 14.91)
AC0863: AC0863_M nicht harmonisiert (Fehler 35.43 > Basis 18.53)
AC0863: AC0863_S nicht harmonisiert (Fehler 38.68 > Basis 16.64)
AC0864: AC0864_L nicht harmonisiert (Fehler 18.36 > Basis 15.43)
AC0864: AC0864_M aus AC0814_L harmonisiert (prototype_group=ac08_rot_mirror_alias, max_delta=0.0000, text_orientation_policy=rotate_with_geometry, Fehler 20.89->14.94, Farben fill/stroke=249/120)
AC0864: AC0864_S nicht harmonisiert (Fehler 30.67 > Basis 17.83)
AC0870: AC0870_L aus AC0800_M harmonisiert (prototype_group=circle+no_text+no_stem+no_arm+text_mode:none, max_delta=0.0000, text_orientation_policy=inherit_variant, Fehler 25.44->22.18, Farben fill/stroke=249/120)
AC0870: AC0870_M aus AC0800_M harmonisiert (prototype_group=circle+no_text+no_stem+no_arm+text_mode:none, max_delta=0.0000, text_orientation_policy=inherit_variant, Fehler 35.05->33.45, Farben fill/stroke=249/120)
AC0870: AC0870_S nicht harmonisiert (Fehler 30.14 > Basis 17.80)
AC0882: AC0882_L nicht harmonisiert (Fehler 31.84 > Basis 18.34)
AC0882: AC0882_M nicht harmonisiert (Fehler 35.70 > Basis 24.56)
AC0882: AC0882_S nicht harmonisiert (Fehler 40.33 > Basis 31.80)
AC0883: AC0883_L nicht harmonisiert (Fehler 27.29 > Basis 11.46)
AC0883: AC0883_S nicht harmonisiert (Fehler 33.05 > Basis 19.10)
AC0884: AC0884_L aus AC0814_L harmonisiert (prototype_group=ac08_rot_mirror_alias, max_delta=0.0000, text_orientation_policy=rotate_with_geometry, Fehler 23.46->15.43, Farben fill/stroke=249/120)
AC0884: AC0884_M aus AC0814_L harmonisiert (prototype_group=ac08_rot_mirror_alias, max_delta=0.0000, text_orientation_policy=rotate_with_geometry, Fehler 26.90->12.61, Farben fill/stroke=249/120)
AC0884: AC0884_S aus AC0814_L harmonisiert (prototype_group=ac08_rot_mirror_alias, max_delta=0.0000, text_orientation_policy=rotate_with_geometry, Fehler 28.14->27.39, Farben fill/stroke=249/120)
AC0890: AC0890_L nicht harmonisiert (Fehler 21.79 > Basis 18.83)
AC0890: AC0890_M nicht harmonisiert (Fehler 21.96 > Basis 21.46)
AC0890: AC0890_S nicht harmonisiert (Fehler 23.82 > Basis 20.12)
