[INFO] Schreibe Konsolen-Output nach: /workspace/ImageConverter/imageCompositeConverter.local.log

--- Verarbeite AC0223_L.jpg ---
Bildbeschreibung: 3-Wege-Ventilkopf oben (drei spitze Ventilflügel mit gemeinsamem Verlauf von dunkelgrau nach hellgrau), darunter ein dunkelgrauer senkrechter Griff (vom Ventilzentrum nach unten) auf hellgrauem Hintergrund. Kein "M"-Text im Badge. Der Griff liegt auf einer Symmetrieachse des Kreises. 3-Wege-Ventilkopf oben (drei spitze Ventilflügel mit gemeinsamem Verlauf von dunkelgrau nach hellgrau), darunter ein dunkelgrauer senkrechter Griff (vom Ventilzentrum nach unten) auf hellgrauem Hintergrund. Kein "M"-Text im Badge. Der Griff liegt auf einer Symmetrieachse des Kreises. Unterteil: grauer Kreis mit grauem Rand (klassische Kelle) mit schmalem, zentriertem Griff; das Symbol ist horizontal symmetrisch.
Befehl erkannt: SEMANTIC: Kreis ohne Buchstabe, SEMANTIC: senkrechter Strich oben vom Kreis, SEMANTIC: Ventilkopf mit drei Dreiecken oberhalb des Stiels, SEMANTIC: Dreiecks-Spitzen treffen zentriert am oberen Stielende zusammen, SEMANTIC: Drei Dreiecke sind zu einem Polygon vereint
[ERROR] Semantik-Abgleich fehlgeschlagen:
  - semantic_connector_classification=vertical;circle_source=hough;horizontal_candidates=0;vertical_candidates=1
  - Im Bild ist waagrechter Strich erkennbar, aber nicht in der Beschreibung enthalten
[WARN] AC0223_L.jpg: Semantischer Fehlmatch, Batchlauf stoppt nach diesem Fehler.

--- Verarbeite AC0223_L_sia.jpg ---
Bildbeschreibung: 3-Wege-Ventilkopf oben (drei spitze Ventilflügel mit gemeinsamem Verlauf von dunkelgrau nach hellgrau), darunter ein dunkelgrauer senkrechter Griff (vom Ventilzentrum nach unten) auf hellgrauem Hintergrund. Kein "M"-Text im Badge. Der Griff liegt auf einer Symmetrieachse des Kreises. 3-Wege-Ventilkopf oben (drei spitze Ventilflügel mit gemeinsamem Verlauf von dunkelgrau nach hellgrau), darunter ein dunkelgrauer senkrechter Griff (vom Ventilzentrum nach unten) auf hellgrauem Hintergrund. Kein "M"-Text im Badge. Der Griff liegt auf einer Symmetrieachse des Kreises. Unterteil: statt der Kelle ein hellgraues Quadrat mit grauem Rand; beide Diagonalen sind als graue Linien eingezeichnet. Der Griff ist schmal und zentriert; das Symbol ist horizontal symmetrisch.
Befehl erkannt: SEMANTIC: Kreis ohne Buchstabe, SEMANTIC: senkrechter Strich oben vom Kreis, SEMANTIC: Ventilkopf mit drei Dreiecken oberhalb des Stiels, SEMANTIC: Dreiecks-Spitzen treffen zentriert am oberen Stielende zusammen, SEMANTIC: Drei Dreiecke sind zu einem Polygon vereint
[ERROR] Semantik-Abgleich fehlgeschlagen:
  - semantic_connector_classification=vertical;circle_source=hough;horizontal_candidates=0;vertical_candidates=5
  - Im Bild ist waagrechter Strich erkennbar, aber nicht in der Beschreibung enthalten
[WARN] AC0223_L_sia.jpg: Semantischer Fehlmatch, Batchlauf stoppt nach diesem Fehler.

--- Verarbeite AC0223_M.jpg ---
Bildbeschreibung: 3-Wege-Ventilkopf oben (drei spitze Ventilflügel mit gemeinsamem Verlauf von dunkelgrau nach hellgrau), darunter ein dunkelgrauer senkrechter Griff (vom Ventilzentrum nach unten) auf hellgrauem Hintergrund. Kein "M"-Text im Badge. Der Griff liegt auf einer Symmetrieachse des Kreises. 3-Wege-Ventilkopf oben (drei spitze Ventilflügel mit gemeinsamem Verlauf von dunkelgrau nach hellgrau), darunter ein dunkelgrauer senkrechter Griff (vom Ventilzentrum nach unten) auf hellgrauem Hintergrund. Kein "M"-Text im Badge. Der Griff liegt auf einer Symmetrieachse des Kreises. Unterteil: grauer Kreis mit grauem Rand (klassische Kelle) mit schmalem, zentriertem Griff; das Symbol ist horizontal symmetrisch.
Befehl erkannt: SEMANTIC: Kreis ohne Buchstabe, SEMANTIC: senkrechter Strich oben vom Kreis, SEMANTIC: Ventilkopf mit drei Dreiecken oberhalb des Stiels, SEMANTIC: Dreiecks-Spitzen treffen zentriert am oberen Stielende zusammen, SEMANTIC: Drei Dreiecke sind zu einem Polygon vereint
[ERROR] Semantik-Abgleich fehlgeschlagen:
  - semantic_connector_classification=ambiguous;circle_source=hough;horizontal_candidates=1;vertical_candidates=1
  - Im Bild ist waagrechter Strich erkennbar, aber nicht in der Beschreibung enthalten
[WARN] AC0223_M.jpg: Semantischer Fehlmatch, Batchlauf stoppt nach diesem Fehler.

--- Verarbeite AC0223_M_sia.jpg ---
Bildbeschreibung: 3-Wege-Ventilkopf oben (drei spitze Ventilflügel mit gemeinsamem Verlauf von dunkelgrau nach hellgrau), darunter ein dunkelgrauer senkrechter Griff (vom Ventilzentrum nach unten) auf hellgrauem Hintergrund. Kein "M"-Text im Badge. Der Griff liegt auf einer Symmetrieachse des Kreises. 3-Wege-Ventilkopf oben (drei spitze Ventilflügel mit gemeinsamem Verlauf von dunkelgrau nach hellgrau), darunter ein dunkelgrauer senkrechter Griff (vom Ventilzentrum nach unten) auf hellgrauem Hintergrund. Kein "M"-Text im Badge. Der Griff liegt auf einer Symmetrieachse des Kreises. Unterteil: statt der Kelle ein hellgraues Quadrat mit grauem Rand; beide Diagonalen sind als graue Linien eingezeichnet. Der Griff ist schmal und zentriert; das Symbol ist horizontal symmetrisch.
Befehl erkannt: SEMANTIC: Kreis ohne Buchstabe, SEMANTIC: senkrechter Strich oben vom Kreis, SEMANTIC: Ventilkopf mit drei Dreiecken oberhalb des Stiels, SEMANTIC: Dreiecks-Spitzen treffen zentriert am oberen Stielende zusammen, SEMANTIC: Drei Dreiecke sind zu einem Polygon vereint
[ERROR] Semantik-Abgleich fehlgeschlagen:
  - semantic_connector_classification=ambiguous;circle_source=hough;horizontal_candidates=1;vertical_candidates=1
  - Im Bild ist waagrechter Strich erkennbar, aber nicht in der Beschreibung enthalten
[WARN] AC0223_M_sia.jpg: Semantischer Fehlmatch, Batchlauf stoppt nach diesem Fehler.

--- Verarbeite AC0223_S.jpg ---
Bildbeschreibung: 3-Wege-Ventilkopf oben (drei spitze Ventilflügel mit gemeinsamem Verlauf von dunkelgrau nach hellgrau), darunter ein dunkelgrauer senkrechter Griff (vom Ventilzentrum nach unten) auf hellgrauem Hintergrund. Kein "M"-Text im Badge. Der Griff liegt auf einer Symmetrieachse des Kreises. 3-Wege-Ventilkopf oben (drei spitze Ventilflügel mit gemeinsamem Verlauf von dunkelgrau nach hellgrau), darunter ein dunkelgrauer senkrechter Griff (vom Ventilzentrum nach unten) auf hellgrauem Hintergrund. Kein "M"-Text im Badge. Der Griff liegt auf einer Symmetrieachse des Kreises. Unterteil: grauer Kreis mit grauem Rand (klassische Kelle) mit schmalem, zentriertem Griff; das Symbol ist horizontal symmetrisch.
Befehl erkannt: SEMANTIC: Kreis ohne Buchstabe, SEMANTIC: senkrechter Strich oben vom Kreis, SEMANTIC: Ventilkopf mit drei Dreiecken oberhalb des Stiels, SEMANTIC: Dreiecks-Spitzen treffen zentriert am oberen Stielende zusammen, SEMANTIC: Drei Dreiecke sind zu einem Polygon vereint
[ERROR] Semantik-Abgleich fehlgeschlagen:
  - semantic_connector_classification=vertical;circle_source=hough;horizontal_candidates=0;vertical_candidates=6
  - Im Bild ist waagrechter Strich erkennbar, aber nicht in der Beschreibung enthalten
[WARN] AC0223_S.jpg: Semantischer Fehlmatch, Batchlauf stoppt nach diesem Fehler.

--- Verarbeite AC0223_S_sia.jpg ---
Bildbeschreibung: 3-Wege-Ventilkopf oben (drei spitze Ventilflügel mit gemeinsamem Verlauf von dunkelgrau nach hellgrau), darunter ein dunkelgrauer senkrechter Griff (vom Ventilzentrum nach unten) auf hellgrauem Hintergrund. Kein "M"-Text im Badge. Der Griff liegt auf einer Symmetrieachse des Kreises. 3-Wege-Ventilkopf oben (drei spitze Ventilflügel mit gemeinsamem Verlauf von dunkelgrau nach hellgrau), darunter ein dunkelgrauer senkrechter Griff (vom Ventilzentrum nach unten) auf hellgrauem Hintergrund. Kein "M"-Text im Badge. Der Griff liegt auf einer Symmetrieachse des Kreises. Unterteil: statt der Kelle ein hellgraues Quadrat mit grauem Rand; beide Diagonalen sind als graue Linien eingezeichnet. Der Griff ist schmal und zentriert; das Symbol ist horizontal symmetrisch.
Befehl erkannt: SEMANTIC: Kreis ohne Buchstabe, SEMANTIC: senkrechter Strich oben vom Kreis, SEMANTIC: Ventilkopf mit drei Dreiecken oberhalb des Stiels, SEMANTIC: Dreiecks-Spitzen treffen zentriert am oberen Stielende zusammen, SEMANTIC: Drei Dreiecke sind zu einem Polygon vereint
[ERROR] Semantik-Abgleich fehlgeschlagen:
  - semantic_connector_classification=vertical;circle_source=hough;horizontal_candidates=1;vertical_candidates=2
  - Im Bild ist waagrechter Strich erkennbar, aber nicht in der Beschreibung enthalten
[WARN] AC0223_S_sia.jpg: Semantischer Fehlmatch, Batchlauf stoppt nach diesem Fehler.

Abgeschlossen! Ausgaben unter: artifacts/converted_images
