[INFO] Schreibe Konsolen-Output nach: /workspace/ImageConverter/imageCompositeConverter.local.log

--- Verarbeite AC0836_S.jpg ---
Bildbeschreibung: Wie AC0835, jedoch mit senkrechtem Griff nach unten (dunkelgraue Linie hinter dem Kreis). Text im Kreis: "VOC".
Befehl erkannt: SEMANTIC: senkrechter Strich hinter dem Kreis, SEMANTIC: Kreis + Buchstabe VOC

--- Verarbeite AC0836_M.jpg ---
Bildbeschreibung: Wie AC0835, jedoch mit senkrechtem Griff nach unten (dunkelgraue Linie hinter dem Kreis). Text im Kreis: "VOC".
Befehl erkannt: SEMANTIC: senkrechter Strich hinter dem Kreis, SEMANTIC: Kreis + Buchstabe VOC

--- Verarbeite AC0836_L.jpg ---
Bildbeschreibung: Wie AC0835, jedoch mit senkrechtem Griff nach unten (dunkelgraue Linie hinter dem Kreis). Text im Kreis: "VOC".
Befehl erkannt: SEMANTIC: senkrechter Strich hinter dem Kreis, SEMANTIC: Kreis + Buchstabe VOC

--- Verarbeite AC0836_L.jpg ---
Bildbeschreibung: Wie AC0835, jedoch mit senkrechtem Griff nach unten (dunkelgraue Linie hinter dem Kreis). Text im Kreis: "VOC".
Befehl erkannt: SEMANTIC: senkrechter Strich hinter dem Kreis, SEMANTIC: Kreis + Buchstabe VOC

--- Verarbeite AC0836_S.jpg ---
Bildbeschreibung: Wie AC0835, jedoch mit senkrechtem Griff nach unten (dunkelgraue Linie hinter dem Kreis). Text im Kreis: "VOC".
Befehl erkannt: SEMANTIC: senkrechter Strich hinter dem Kreis, SEMANTIC: Kreis + Buchstabe VOC

--- Verarbeite AC0836_M.jpg ---
Bildbeschreibung: Wie AC0835, jedoch mit senkrechtem Griff nach unten (dunkelgraue Linie hinter dem Kreis). Text im Kreis: "VOC".
Befehl erkannt: SEMANTIC: senkrechter Strich hinter dem Kreis, SEMANTIC: Kreis + Buchstabe VOC

Abgeschlossen! Ausgaben unter: artifacts/converted_images
