F                                                                        [100%]
=================================== FAILURES ===================================
________________ test_ac08_semantic_anchor_variants_ac0811_only ________________

tmp_path = PosixPath('/tmp/pytest-of-root/pytest-0/test_ac08_semantic_anchor_vari0')

    def test_ac08_semantic_anchor_variants_ac0811_only(tmp_path: Path) -> None:
        """AC0811_L should render as a real SVG output without failed fallback."""
        if (
            image_composite_converter.np is None
            or image_composite_converter.cv2 is None
            or image_composite_converter.fitz is None
        ):
            pytest.skip("numpy/cv2/fitz not available in this environment")
    
        images_dir = Path("artifacts/images_to_convert")
        csv_path = images_dir / "Finale_Wurzelformen_V3.xml"
        if not images_dir.exists() or not csv_path.exists():
            pytest.skip("AC08 fixture inputs not available")
    
        output_ac0811 = tmp_path / "ac0811_out"
        result_ac0811 = image_composite_converter.convertRange(
            str(images_dir),
            str(csv_path),
            iterations=3,
            start_ref="AC0811",
            end_ref="AC0811",
            output_root=str(output_ac0811),
            selected_variants={"AC0811_L"},
        )
    
        assert result_ac0811 == str(output_ac0811)
>       assert (output_ac0811 / "converted_svgs" / "AC0811_L.svg").exists()
E       AssertionError: assert False
E        +  where False = exists()
E        +    where exists = ((PosixPath('/tmp/pytest-of-root/pytest-0/test_ac08_semantic_anchor_vari0/ac0811_out') / 'converted_svgs') / 'AC0811_L.svg').exists

tests/test_image_composite_converter.py:7436: AssertionError
----------------------------- Captured stdout call -----------------------------
Keine Eingabedateien für die Konvertierung gefunden.
Ordner: artifacts/images_to_convert
Range: AC0811..AC0811
Anzahl gefundener Dateien: 0
Unterstützte Endungen: .bmp, .jpg, .jpeg, .png, .gif, .tif, .tiff, .webp
Ausgewählte Varianten: AC0811_L
Hinweis: Prüfe Range, Dateiendung und Variantennamen.
=============================== warnings summary ===============================
<frozen importlib._bootstrap>:241
<frozen importlib._bootstrap>:241
  <frozen importlib._bootstrap>:241: DeprecationWarning: builtin type SwigPyPacked has no __module__ attribute

<frozen importlib._bootstrap>:241
<frozen importlib._bootstrap>:241
  <frozen importlib._bootstrap>:241: DeprecationWarning: builtin type SwigPyObject has no __module__ attribute

<frozen importlib._bootstrap>:241
  <frozen importlib._bootstrap>:241: DeprecationWarning: builtin type swigvarlink has no __module__ attribute

-- Docs: https://docs.pytest.org/en/stable/how-to/capture-warnings.html
=========================== short test summary info ============================
FAILED tests/test_image_composite_converter.py::test_ac08_semantic_anchor_variants_ac0811_only
1 failed, 5 warnings in 4.37s
