AC0800: AC0800_L nicht harmonisiert (Fehler 16.84 > Basis 9.52)
AC0800: AC0800_M nicht harmonisiert (Fehler 14.64 > Basis 2.40)
AC0800: AC0800_S nicht harmonisiert (Fehler 17.51 > Basis 10.31)
AC0812: AC0812_L nicht harmonisiert (Fehler 7.89 > Basis 6.35)
AC0812: AC0812_M nicht harmonisiert (Fehler 10.86 > Basis 8.73)
AC0812: AC0812_S nicht harmonisiert (Fehler 19.06 > Basis 15.03)
AC0814: AC0814_L nicht harmonisiert (Fehler 26.03 > Basis 7.22)
AC0814: AC0814_M nicht harmonisiert (Fehler 29.58 > Basis 10.65)
AC0814: AC0814_S nicht harmonisiert (Fehler 34.73 > Basis 8.01)
AC0820: AC0820_L nicht harmonisiert (Fehler 39.49 > Basis 30.10)
AC0820: AC0820_M nicht harmonisiert (Fehler 34.18 > Basis 24.28)
AC0820: AC0820_S nicht harmonisiert (Fehler 34.37 > Basis 24.36)
AC0832: AC0832_L aus AC0812_L harmonisiert (prototype_group=ac08_rot_mirror_alias, max_delta=0.0000, text_orientation_policy=rotate_geometry_only, Fehler 20.21->17.86, Farben fill/stroke=249/120)
AC0832: AC0832_M aus AC0812_L harmonisiert (prototype_group=ac08_rot_mirror_alias, max_delta=0.0000, text_orientation_policy=rotate_geometry_only, Fehler 23.51->15.55, Farben fill/stroke=249/120)
AC0832: AC0832_S nicht harmonisiert (Fehler 28.58 > Basis 19.83)
AC0834: AC0834_L nicht harmonisiert (Fehler 32.25 > Basis 15.62)
AC0834: AC0834_M nicht harmonisiert (Fehler 35.30 > Basis 17.59)
AC0834: AC0834_S nicht harmonisiert (Fehler 41.00 > Basis 16.13)
AC0835: AC0835_L nicht harmonisiert (Fehler 40.36 > Basis 36.50)
AC0835: AC0835_M nicht harmonisiert (Fehler 39.15 > Basis 20.25)
AC0835: AC0835_S nicht harmonisiert (Fehler 37.65 > Basis 29.98)
AC0837: AC0837_L nicht harmonisiert (Fehler 24.95 > Basis 23.66)
AC0837: AC0837_M nicht harmonisiert (Fehler 26.21 > Basis 24.82)
AC0837: AC0837_S nicht harmonisiert (Fehler 28.97 > Basis 23.04)
AC0839: AC0839_L nicht harmonisiert (Fehler 16.38 > Basis 15.05)
AC0839: AC0839_M nicht harmonisiert (Fehler 21.14 > Basis 18.18)
AC0839: AC0839_S nicht harmonisiert (Fehler 27.43 > Basis 18.55)
AC0842: AC0842_L nicht harmonisiert (Fehler 25.57 > Basis 23.79)
AC0842: AC0842_M nicht harmonisiert (Fehler 31.04 > Basis 26.98)
AC0842: AC0842_S nicht harmonisiert (Fehler 33.21 > Basis 26.91)
AC0870: AC0870_L nicht harmonisiert (Fehler 36.87 > Basis 27.36)
AC0870: AC0870_M nicht harmonisiert (Fehler 37.34 > Basis 28.34)
AC0870: AC0870_S nicht harmonisiert (Fehler 37.88 > Basis 32.86)
AC0882: AC0882_L nicht harmonisiert (Fehler 15.65 > Basis 11.99)
AC0882: AC0882_M aus AC0882_L harmonisiert (prototype_group=base:AC0882, max_delta=0.0000, text_orientation_policy=inherit_variant, Fehler 23.50->19.55, Farben fill/stroke=249/120)
AC0882: AC0882_S nicht harmonisiert (Fehler 31.02 > Basis 23.84)
