[INFO] Schreibe Konsolen-Output nach: /workspace/ImageConverter/imageCompositeConverter.local.log

--- Verarbeite AC0800_L.jpg ---
Bildbeschreibung: Grauer Kreis mit grauem Rand und hellgrauem Hintergrund
Befehl erkannt: SEMANTIC: Kreis ohne Buchstabe

--- Verarbeite AC0800_M.jpg ---
Bildbeschreibung: Grauer Kreis mit grauem Rand und hellgrauem Hintergrund
Befehl erkannt: SEMANTIC: Kreis ohne Buchstabe

--- Verarbeite AC0800_S.jpg ---
Bildbeschreibung: Grauer Kreis mit grauem Rand und hellgrauem Hintergrund
Befehl erkannt: SEMANTIC: Kreis ohne Buchstabe

--- Verarbeite AC0812_L.jpg ---
Bildbeschreibung: Wie AC0811: Kelle, ohne Text Kreis oben, Griff nach unten (dunkelgraue Liine). Geometrische Variante: 90° nach links gedreht. Der Griff liegt auf einer Symmetrieachse des Kreises.
Befehl erkannt: SEMANTIC: Kreis ohne Buchstabe, SEMANTIC: waagrechter Strich links vom Kreis

--- Verarbeite AC0812_M.jpg ---
Bildbeschreibung: Wie AC0811: Kelle, ohne Text Kreis oben, Griff nach unten (dunkelgraue Liine). Geometrische Variante: 90° nach links gedreht. Der Griff liegt auf einer Symmetrieachse des Kreises.
Befehl erkannt: SEMANTIC: Kreis ohne Buchstabe, SEMANTIC: waagrechter Strich links vom Kreis

--- Verarbeite AC0812_S.jpg ---
Bildbeschreibung: Wie AC0811: Kelle, ohne Text Kreis oben, Griff nach unten (dunkelgraue Liine). Geometrische Variante: 90° nach links gedreht. Der Griff liegt auf einer Symmetrieachse des Kreises.
Befehl erkannt: SEMANTIC: Kreis ohne Buchstabe, SEMANTIC: waagrechter Strich links vom Kreis

--- Verarbeite AC0814_L.jpg ---
Bildbeschreibung: Wie AC0811: Kelle, ohne Text Kreis oben, Griff nach unten (dunkelgraue Liine). Geometrische Variante: 90° nach rechts gedreht. Der Griff liegt auf einer Symmetrieachse des Kreises.
Befehl erkannt: SEMANTIC: Kreis ohne Buchstabe, SEMANTIC: waagrechter Strich rechts vom Kreis

--- Verarbeite AC0814_M.jpg ---
Bildbeschreibung: Wie AC0811: Kelle, ohne Text Kreis oben, Griff nach unten (dunkelgraue Liine). Geometrische Variante: 90° nach rechts gedreht. Der Griff liegt auf einer Symmetrieachse des Kreises.
Befehl erkannt: SEMANTIC: Kreis ohne Buchstabe, SEMANTIC: waagrechter Strich rechts vom Kreis

--- Verarbeite AC0814_S.jpg ---
Bildbeschreibung: Wie AC0811: Kelle, ohne Text Kreis oben, Griff nach unten (dunkelgraue Liine). Geometrische Variante: 90° nach rechts gedreht. Der Griff liegt auf einer Symmetrieachse des Kreises.
Befehl erkannt: SEMANTIC: Kreis ohne Buchstabe, SEMANTIC: waagrechter Strich rechts vom Kreis

--- Verarbeite AC0820_L.jpg ---
Bildbeschreibung: Wie AC0800, Textg "CO2" (Die 2 ist fälschlicherweise hochgestellt, dieses muss jedoch tiefgestellt sein)
Befehl erkannt: SEMANTIC: Kreis + Buchstabe CO_2

--- Verarbeite AC0820_M.jpg ---
Bildbeschreibung: Wie AC0800, Textg "CO2" (Die 2 ist fälschlicherweise hochgestellt, dieses muss jedoch tiefgestellt sein)
Befehl erkannt: SEMANTIC: Kreis + Buchstabe CO_2

--- Verarbeite AC0820_S.jpg ---
Bildbeschreibung: Wie AC0800, Textg "CO2" (Die 2 ist fälschlicherweise hochgestellt, dieses muss jedoch tiefgestellt sein)
Befehl erkannt: SEMANTIC: Kreis + Buchstabe CO_2

--- Verarbeite AC0832_L.jpg ---
Bildbeschreibung: Wie AC0832, jedoch nach rechts gedreht, Text immer noch horizontal
Befehl erkannt: SEMANTIC: waagrechter Strich links vom Kreis, SEMANTIC: Kreis + Buchstabe

--- Verarbeite AC0832_M.jpg ---
Bildbeschreibung: Wie AC0832, jedoch nach rechts gedreht, Text immer noch horizontal
Befehl erkannt: SEMANTIC: waagrechter Strich links vom Kreis, SEMANTIC: Kreis + Buchstabe

--- Verarbeite AC0832_S.jpg ---
Bildbeschreibung: Wie AC0832, jedoch nach rechts gedreht, Text immer noch horizontal
Befehl erkannt: SEMANTIC: waagrechter Strich links vom Kreis, SEMANTIC: Kreis + Buchstabe

--- Verarbeite AC0834_L.jpg ---
Bildbeschreibung: Wie AC080, jedoch Griff unten (als Kelle ausfeführt) Abweichung: nach links gedreht, Text immer noch horizontal. Der Griff liegt auf einer Symmetrieachse des Kreises.
Befehl erkannt: SEMANTIC: waagrechter Strich rechts vom Kreis, SEMANTIC: Kreis + Buchstabe

--- Verarbeite AC0834_M.jpg ---
Bildbeschreibung: Wie AC080, jedoch Griff unten (als Kelle ausfeführt) Abweichung: nach links gedreht, Text immer noch horizontal. Der Griff liegt auf einer Symmetrieachse des Kreises.
Befehl erkannt: SEMANTIC: waagrechter Strich rechts vom Kreis, SEMANTIC: Kreis + Buchstabe

--- Verarbeite AC0834_S.jpg ---
Bildbeschreibung: Wie AC080, jedoch Griff unten (als Kelle ausfeführt) Abweichung: nach links gedreht, Text immer noch horizontal. Der Griff liegt auf einer Symmetrieachse des Kreises.
Befehl erkannt: SEMANTIC: waagrechter Strich rechts vom Kreis, SEMANTIC: Kreis + Buchstabe

--- Verarbeite AC0835_L.jpg ---
Bildbeschreibung: Grauer Kreis mit grauem Rand und hellgrauem Hintergrund. Text im Kreis: "VOC". Kein Griff, keine Kelle und keine weiteren Anbauteile.
Befehl erkannt: SEMANTIC: Kreis + Buchstabe VOC

--- Verarbeite AC0835_M.jpg ---
Bildbeschreibung: Grauer Kreis mit grauem Rand und hellgrauem Hintergrund. Text im Kreis: "VOC". Kein Griff, keine Kelle und keine weiteren Anbauteile.
Befehl erkannt: SEMANTIC: Kreis + Buchstabe VOC

--- Verarbeite AC0835_S.jpg ---
Bildbeschreibung: Grauer Kreis mit grauem Rand und hellgrauem Hintergrund. Text im Kreis: "VOC". Kein Griff, keine Kelle und keine weiteren Anbauteile.
Befehl erkannt: SEMANTIC: Kreis + Buchstabe VOC

--- Verarbeite AC0837_L.jpg ---
Bildbeschreibung: Wie AC0836, jedoch 90° nach links gedreht. Der Griff verläuft waagrecht nach links, der Text "VOC" bleibt horizontal lesbar. Der Griff liegt auf einer Symmetrieachse des Kreises.
Befehl erkannt: SEMANTIC: waagrechter Strich links vom Kreis, SEMANTIC: Kreis + Buchstabe VOC

--- Verarbeite AC0837_M.jpg ---
Bildbeschreibung: Wie AC0836, jedoch 90° nach links gedreht. Der Griff verläuft waagrecht nach links, der Text "VOC" bleibt horizontal lesbar. Der Griff liegt auf einer Symmetrieachse des Kreises.
Befehl erkannt: SEMANTIC: waagrechter Strich links vom Kreis, SEMANTIC: Kreis + Buchstabe VOC

--- Verarbeite AC0837_S.jpg ---
Bildbeschreibung: Wie AC0836, jedoch 90° nach links gedreht. Der Griff verläuft waagrecht nach links, der Text "VOC" bleibt horizontal lesbar. Der Griff liegt auf einer Symmetrieachse des Kreises.
Befehl erkannt: SEMANTIC: waagrechter Strich links vom Kreis, SEMANTIC: Kreis + Buchstabe VOC

--- Verarbeite AC0839_L.jpg ---
Bildbeschreibung: Wie AC0836, jedoch 90° nach rechts gedreht. Der Griff verläuft waagrecht nach rechts, der Text "VOC" bleibt horizontal lesbar. Der Griff liegt auf einer Symmetrieachse des Kreises.
Befehl erkannt: SEMANTIC: waagrechter Strich rechts vom Kreis, SEMANTIC: Kreis + Buchstabe VOC

--- Verarbeite AC0839_M.jpg ---
Bildbeschreibung: Wie AC0836, jedoch 90° nach rechts gedreht. Der Griff verläuft waagrecht nach rechts, der Text "VOC" bleibt horizontal lesbar. Der Griff liegt auf einer Symmetrieachse des Kreises.
Befehl erkannt: SEMANTIC: waagrechter Strich rechts vom Kreis, SEMANTIC: Kreis + Buchstabe VOC

--- Verarbeite AC0839_S.jpg ---
Bildbeschreibung: Wie AC0836, jedoch 90° nach rechts gedreht. Der Griff verläuft waagrecht nach rechts, der Text "VOC" bleibt horizontal lesbar. Der Griff liegt auf einer Symmetrieachse des Kreises.
Befehl erkannt: SEMANTIC: waagrechter Strich rechts vom Kreis, SEMANTIC: Kreis + Buchstabe VOC

--- Verarbeite AC0840_L.jpg ---
Bildbeschreibung: Grauer Kreis mit grauem Rand und hellgrauem Hintergrund Abweichung: mit Text "rF" (relative Feuchtigkeit)
Befehl erkannt: Fallback-Modus aktiv (Beschreibung wird ohne expliziten Compositing-Befehl verarbeitet)
[WARN] AC0840_L.jpg: Kein verwertbares Konvertierungsergebnis, als Fehler protokolliert (conversion_failed).

--- Verarbeite AC0840_M.jpg ---
Bildbeschreibung: Grauer Kreis mit grauem Rand und hellgrauem Hintergrund Abweichung: mit Text "rF" (relative Feuchtigkeit)
Befehl erkannt: Fallback-Modus aktiv (Beschreibung wird ohne expliziten Compositing-Befehl verarbeitet)
[WARN] AC0840_M.jpg: Kein verwertbares Konvertierungsergebnis, als Fehler protokolliert (conversion_failed).

--- Verarbeite AC0840_S.jpg ---
Bildbeschreibung: Grauer Kreis mit grauem Rand und hellgrauem Hintergrund Abweichung: mit Text "rF" (relative Feuchtigkeit)
Befehl erkannt: Fallback-Modus aktiv (Beschreibung wird ohne expliziten Compositing-Befehl verarbeitet)
[WARN] AC0840_S.jpg: Kein verwertbares Konvertierungsergebnis, als Fehler protokolliert (conversion_failed).

Abgeschlossen! Ausgaben unter: artifacts/converted_images
