[INFO] Schreibe Konsolen-Output nach: C:\Users\marku\myCloud\imageConverter\imageCompositeConverter.local.log

--- Verarbeite AC0800_M.jpg ---
Bildbeschreibung: Grauer Kreis mit grauem Rand und hellgrauem Hintergrund
Befehl erkannt: SEMANTIC: Kreis ohne Buchstabe

--- Verarbeite AC0800_L.jpg ---
Bildbeschreibung: Grauer Kreis mit grauem Rand und hellgrauem Hintergrund
Befehl erkannt: SEMANTIC: Kreis ohne Buchstabe

--- Verarbeite AC0800_S.jpg ---
Bildbeschreibung: Grauer Kreis mit grauem Rand und hellgrauem Hintergrund
Befehl erkannt: SEMANTIC: Kreis ohne Buchstabe

--- Verarbeite AC0800_S.jpg ---
Bildbeschreibung: Grauer Kreis mit grauem Rand und hellgrauem Hintergrund
Befehl erkannt: SEMANTIC: Kreis ohne Buchstabe

--- Verarbeite AC0800_M.jpg ---
Bildbeschreibung: Grauer Kreis mit grauem Rand und hellgrauem Hintergrund
Befehl erkannt: SEMANTIC: Kreis ohne Buchstabe

--- Verarbeite AC0800_L.jpg ---
Bildbeschreibung: Grauer Kreis mit grauem Rand und hellgrauem Hintergrund
Befehl erkannt: SEMANTIC: Kreis ohne Buchstabe
[INFO] Übersichts-Kacheln erzeugt: diff=artifacts\converted_images\reports\overview_diff_tiles.png, svg=artifacts\converted_images\reports\overview_svg_tiles.png

Abgeschlossen! Ausgaben unter: artifacts/converted_images
