[INFO] Schreibe Konsolen-Output nach: /workspace/ImageConverter/imageCompositeConverter.local.log

--- Verarbeite AC0838_S.jpg ---
Bildbeschreibung: Wie AC0836, jedoch in der gegenüberliegenden Drehlage. Der Griff bleibt als klarer Zusatzarm am Kreis erkennbar, der Text "VOC" bleibt horizontal lesbar.
Befehl erkannt: SEMANTIC: senkrechter Strich oben vom Kreis, SEMANTIC: Kreis + Buchstabe VOC

--- Verarbeite AC0838_M.jpg ---
Bildbeschreibung: Wie AC0836, jedoch in der gegenüberliegenden Drehlage. Der Griff bleibt als klarer Zusatzarm am Kreis erkennbar, der Text "VOC" bleibt horizontal lesbar.
Befehl erkannt: SEMANTIC: senkrechter Strich oben vom Kreis, SEMANTIC: Kreis + Buchstabe VOC

--- Verarbeite AC0838_L.jpg ---
Bildbeschreibung: Wie AC0836, jedoch in der gegenüberliegenden Drehlage. Der Griff bleibt als klarer Zusatzarm am Kreis erkennbar, der Text "VOC" bleibt horizontal lesbar.
Befehl erkannt: SEMANTIC: senkrechter Strich oben vom Kreis, SEMANTIC: Kreis + Buchstabe VOC

--- Verarbeite AC0838_M.jpg ---
Bildbeschreibung: Wie AC0836, jedoch in der gegenüberliegenden Drehlage. Der Griff bleibt als klarer Zusatzarm am Kreis erkennbar, der Text "VOC" bleibt horizontal lesbar.
Befehl erkannt: SEMANTIC: senkrechter Strich oben vom Kreis, SEMANTIC: Kreis + Buchstabe VOC

--- Verarbeite AC0838_S.jpg ---
Bildbeschreibung: Wie AC0836, jedoch in der gegenüberliegenden Drehlage. Der Griff bleibt als klarer Zusatzarm am Kreis erkennbar, der Text "VOC" bleibt horizontal lesbar.
Befehl erkannt: SEMANTIC: senkrechter Strich oben vom Kreis, SEMANTIC: Kreis + Buchstabe VOC

--- Verarbeite AC0838_L.jpg ---
Bildbeschreibung: Wie AC0836, jedoch in der gegenüberliegenden Drehlage. Der Griff bleibt als klarer Zusatzarm am Kreis erkennbar, der Text "VOC" bleibt horizontal lesbar.
Befehl erkannt: SEMANTIC: senkrechter Strich oben vom Kreis, SEMANTIC: Kreis + Buchstabe VOC
[INFO] Übersichts-Kacheln erzeugt: diff=/workspace/ImageConverter/artifacts/converted_images/reports/overview_diff_tiles.png, svg=/workspace/ImageConverter/artifacts/converted_images/reports/overview_svg_tiles.png

Abgeschlossen! Ausgaben unter: /workspace/ImageConverter/artifacts/converted_images
