AC0800: AC0800_L nicht harmonisiert (Fehler 10.06 > Basis 6.88)
AC0800: AC0800_M nicht harmonisiert (Fehler 20.76 > Basis 2.42)
AC0800: AC0800_S nicht harmonisiert (Fehler 16.84 > Basis 10.38)
AC0812: AC0812_L nicht harmonisiert (Fehler 7.89 > Basis 6.35)
AC0812: AC0812_M nicht harmonisiert (Fehler 10.86 > Basis 8.73)
AC0812: AC0812_S nicht harmonisiert (Fehler 19.06 > Basis 15.03)
AC0814: AC0814_L nicht harmonisiert (Fehler 26.03 > Basis 8.26)
AC0814: AC0814_M nicht harmonisiert (Fehler 29.58 > Basis 8.50)
AC0814: AC0814_S nicht harmonisiert (Fehler 34.73 > Basis 8.33)
AC0820: AC0820_L nicht harmonisiert (Fehler 39.73 > Basis 29.99)
AC0820: AC0820_M nicht harmonisiert (Fehler 34.07 > Basis 25.75)
AC0820: AC0820_S nicht harmonisiert (Fehler 34.28 > Basis 24.36)
AC0832: AC0832_L aus AC0812_L harmonisiert (prototype_group=ac08_rot_mirror_alias, max_delta=0.0000, text_orientation_policy=rotate_geometry_only, Fehler 20.60->17.86, Farben fill/stroke=249/120)
AC0832: AC0832_M aus AC0812_L harmonisiert (prototype_group=ac08_rot_mirror_alias, max_delta=0.0000, text_orientation_policy=rotate_geometry_only, Fehler 21.58->15.55, Farben fill/stroke=249/120)
AC0832: AC0832_S nicht harmonisiert (Fehler 28.58 > Basis 19.32)
AC0834: AC0834_L nicht harmonisiert (Fehler 32.25 > Basis 15.26)
AC0834: AC0834_M nicht harmonisiert (Fehler 35.30 > Basis 17.10)
AC0834: AC0834_S nicht harmonisiert (Fehler 41.00 > Basis 16.13)
AC0835: AC0835_L nicht harmonisiert (Fehler 30.49 > Basis 26.40)
AC0835: AC0835_M nicht harmonisiert (Fehler 30.57 > Basis 19.33)
AC0835: AC0835_S nicht harmonisiert (Fehler 34.70 > Basis 29.98)
AC0837: AC0837_L nicht harmonisiert (Fehler 24.03 > Basis 22.92)
AC0837: AC0837_M nicht harmonisiert (Fehler 26.93 > Basis 22.54)
AC0837: AC0837_S nicht harmonisiert (Fehler 29.90 > Basis 23.24)
AC0839: AC0839_L nicht harmonisiert (Fehler 16.38 > Basis 15.05)
AC0839: AC0839_M aus AC0839_L harmonisiert (prototype_group=base:AC0839, max_delta=0.0000, text_orientation_policy=inherit_variant, Fehler 20.98->21.14, Farben fill/stroke=249/120)
AC0839: AC0839_S nicht harmonisiert (Fehler 27.44 > Basis 17.67)
AC0842: AC0842_L nicht harmonisiert (Fehler 24.80 > Basis 23.62)
AC0842: AC0842_M nicht harmonisiert (Fehler 30.08 > Basis 25.60)
AC0842: AC0842_S nicht harmonisiert (Fehler 30.68 > Basis 26.57)
AC0870: AC0870_L nicht harmonisiert (Fehler 34.93 > Basis 25.75)
AC0870: AC0870_M nicht harmonisiert (Fehler 37.34 > Basis 28.56)
AC0870: AC0870_S nicht harmonisiert (Fehler 37.88 > Basis 32.86)
AC0882: AC0882_L nicht harmonisiert (Fehler 16.92 > Basis 13.13)
AC0882: AC0882_M aus AC0882_L harmonisiert (prototype_group=base:AC0882, max_delta=0.0000, text_orientation_policy=inherit_variant, Fehler 24.28->14.62, Farben fill/stroke=249/120)
AC0882: AC0882_S nicht harmonisiert (Fehler 27.09 > Basis 15.70)
